[1779853348.006208] [trembesi41:2003257:0]     ucp_context.c:1969 UCX  WARN  UCP API version is incompatible: required >= 1.15, actual 1.14.0 (loaded from /opt/ohpc/pub/mpi/ucx-ohpc/1.14.0/lib/libucp.so.0)
[1779853348.100345] [trembesi41:2003314:0]     ucp_context.c:1969 UCX  WARN  UCP API version is incompatible: required >= 1.15, actual 1.14.0 (loaded from /opt/ohpc/pub/mpi/ucx-ohpc/1.14.0/lib/libucp.so.0)
[1779853348.100427] [trembesi41:2003349:0]     ucp_context.c:1969 UCX  WARN  UCP API version is incompatible: required >= 1.15, actual 1.14.0 (loaded from /opt/ohpc/pub/mpi/ucx-ohpc/1.14.0/lib/libucp.so.0)
[1779853348.102684] [trembesi41:2003266:0]     ucp_context.c:1969 UCX  WARN  UCP API version is incompatible: required >= 1.15, actual 1.14.0 (loaded from /opt/ohpc/pub/mpi/ucx-ohpc/1.14.0/lib/libucp.so.0)
[1779853348.106659] [trembesi41:2003260:0]     ucp_context.c:1969 UCX  WARN  UCP API version is incompatible: required >= 1.15, actual 1.14.0 (loaded from /opt/ohpc/pub/mpi/ucx-ohpc/1.14.0/lib/libucp.so.0)
[1779853348.129398] [trembesi41:2003382:0]     ucp_context.c:1969 UCX  WARN  UCP API version is incompatible: required >= 1.15, actual 1.14.0 (loaded from /opt/ohpc/pub/mpi/ucx-ohpc/1.14.0/lib/libucp.so.0)
[1779853348.137411] [trembesi41:2003370:0]     ucp_context.c:1969 UCX  WARN  UCP API version is incompatible: required >= 1.15, actual 1.14.0 (loaded from /opt/ohpc/pub/mpi/ucx-ohpc/1.14.0/lib/libucp.so.0)
[1779853348.143718] [trembesi41:2003340:0]     ucp_context.c:1969 UCX  WARN  UCP API version is incompatible: required >= 1.15, actual 1.14.0 (loaded from /opt/ohpc/pub/mpi/ucx-ohpc/1.14.0/lib/libucp.so.0)
[1779853348.163756] [trembesi41:2003267:0]     ucp_context.c:1969 UCX  WARN  UCP API version is incompatible: required >= 1.15, actual 1.14.0 (loaded from /opt/ohpc/pub/mpi/ucx-ohpc/1.14.0/lib/libucp.so.0)
[1779853348.164815] [trembesi41:2003364:0]     ucp_context.c:1969 UCX  WARN  UCP API version is incompatible: required >= 1.15, actual 1.14.0 (loaded from /opt/ohpc/pub/mpi/ucx-ohpc/1.14.0/lib/libucp.so.0)
[1779853348.165956] [trembesi41:2003275:0]     ucp_context.c:1969 UCX  WARN  UCP API version is incompatible: required >= 1.15, actual 1.14.0 (loaded from /opt/ohpc/pub/mpi/ucx-ohpc/1.14.0/lib/libucp.so.0)
[1779853348.168285] [trembesi41:2003320:0]     ucp_context.c:1969 UCX  WARN  UCP API version is incompatible: required >= 1.15, actual 1.14.0 (loaded from /opt/ohpc/pub/mpi/ucx-ohpc/1.14.0/lib/libucp.so.0)
[1779853348.178375] [trembesi41:2003402:0]     ucp_context.c:1969 UCX  WARN  UCP API version is incompatible: required >= 1.15, actual 1.14.0 (loaded from /opt/ohpc/pub/mpi/ucx-ohpc/1.14.0/lib/libucp.so.0)
[1779853348.184930] [trembesi41:2003262:0]     ucp_context.c:1969 UCX  WARN  UCP API version is incompatible: required >= 1.15, actual 1.14.0 (loaded from /opt/ohpc/pub/mpi/ucx-ohpc/1.14.0/lib/libucp.so.0)
[1779853348.188401] [trembesi41:2003253:0]     ucp_context.c:1969 UCX  WARN  UCP API version is incompatible: required >= 1.15, actual 1.14.0 (loaded from /opt/ohpc/pub/mpi/ucx-ohpc/1.14.0/lib/libucp.so.0)
[1779853348.190496] [trembesi41:2003255:0]     ucp_context.c:1969 UCX  WARN  UCP API version is incompatible: required >= 1.15, actual 1.14.0 (loaded from /opt/ohpc/pub/mpi/ucx-ohpc/1.14.0/lib/libucp.so.0)
[1779853348.200229] [trembesi41:2003296:0]     ucp_context.c:1969 UCX  WARN  UCP API version is incompatible: required >= 1.15, actual 1.14.0 (loaded from /opt/ohpc/pub/mpi/ucx-ohpc/1.14.0/lib/libucp.so.0)
[1779853348.228097] [trembesi41:2003331:0]     ucp_context.c:1969 UCX  WARN  UCP API version is incompatible: required >= 1.15, actual 1.14.0 (loaded from /opt/ohpc/pub/mpi/ucx-ohpc/1.14.0/lib/libucp.so.0)
[1779853348.261969] [trembesi41:2003261:0]     ucp_context.c:1969 UCX  WARN  UCP API version is incompatible: required >= 1.15, actual 1.14.0 (loaded from /opt/ohpc/pub/mpi/ucx-ohpc/1.14.0/lib/libucp.so.0)
[1779853348.263620] [trembesi41:2003408:0]     ucp_context.c:1969 UCX  WARN  UCP API version is incompatible: required >= 1.15, actual 1.14.0 (loaded from /opt/ohpc/pub/mpi/ucx-ohpc/1.14.0/lib/libucp.so.0)
[1779853348.264998] [trembesi41:2003399:0]     ucp_context.c:1969 UCX  WARN  UCP API version is incompatible: required >= 1.15, actual 1.14.0 (loaded from /opt/ohpc/pub/mpi/ucx-ohpc/1.14.0/lib/libucp.so.0)
[1779853348.268069] [trembesi41:2003335:0]     ucp_context.c:1969 UCX  WARN  UCP API version is incompatible: required >= 1.15, actual 1.14.0 (loaded from /opt/ohpc/pub/mpi/ucx-ohpc/1.14.0/lib/libucp.so.0)
[1779853348.276559] [trembesi41:2003270:0]     ucp_context.c:1969 UCX  WARN  UCP API version is incompatible: required >= 1.15, actual 1.14.0 (loaded from /opt/ohpc/pub/mpi/ucx-ohpc/1.14.0/lib/libucp.so.0)
[1779853348.278814] [trembesi41:2003339:0]     ucp_context.c:1969 UCX  WARN  UCP API version is incompatible: required >= 1.15, actual 1.14.0 (loaded from /opt/ohpc/pub/mpi/ucx-ohpc/1.14.0/lib/libucp.so.0)
[1779853348.295937] [trembesi41:2003375:0]     ucp_context.c:1969 UCX  WARN  UCP API version is incompatible: required >= 1.15, actual 1.14.0 (loaded from /opt/ohpc/pub/mpi/ucx-ohpc/1.14.0/lib/libucp.so.0)
[1779853348.311665] [trembesi41:2003284:0]     ucp_context.c:1969 UCX  WARN  UCP API version is incompatible: required >= 1.15, actual 1.14.0 (loaded from /opt/ohpc/pub/mpi/ucx-ohpc/1.14.0/lib/libucp.so.0)
[1779853348.327590] [trembesi41:2003273:0]     ucp_context.c:1969 UCX  WARN  UCP API version is incompatible: required >= 1.15, actual 1.14.0 (loaded from /opt/ohpc/pub/mpi/ucx-ohpc/1.14.0/lib/libucp.so.0)
[1779853348.328867] [trembesi41:2003271:0]     ucp_context.c:1969 UCX  WARN  UCP API version is incompatible: required >= 1.15, actual 1.14.0 (loaded from /opt/ohpc/pub/mpi/ucx-ohpc/1.14.0/lib/libucp.so.0)
[1779853348.330453] [trembesi41:2003309:0]     ucp_context.c:1969 UCX  WARN  UCP API version is incompatible: required >= 1.15, actual 1.14.0 (loaded from /opt/ohpc/pub/mpi/ucx-ohpc/1.14.0/lib/libucp.so.0)
[1779853348.344216] [trembesi41:2003290:0]     ucp_context.c:1969 UCX  WARN  UCP API version is incompatible: required >= 1.15, actual 1.14.0 (loaded from /opt/ohpc/pub/mpi/ucx-ohpc/1.14.0/lib/libucp.so.0)
[1779853348.344311] [trembesi41:2003264:0]     ucp_context.c:1969 UCX  WARN  UCP API version is incompatible: required >= 1.15, actual 1.14.0 (loaded from /opt/ohpc/pub/mpi/ucx-ohpc/1.14.0/lib/libucp.so.0)
[1779853348.359582] [trembesi41:2003355:0]     ucp_context.c:1969 UCX  WARN  UCP API version is incompatible: required >= 1.15, actual 1.14.0 (loaded from /opt/ohpc/pub/mpi/ucx-ohpc/1.14.0/lib/libucp.so.0)
[1779853348.365560] [trembesi41:2003287:0]     ucp_context.c:1969 UCX  WARN  UCP API version is incompatible: required >= 1.15, actual 1.14.0 (loaded from /opt/ohpc/pub/mpi/ucx-ohpc/1.14.0/lib/libucp.so.0)
[1779853348.380416] [trembesi41:2003254:0]     ucp_context.c:1969 UCX  WARN  UCP API version is incompatible: required >= 1.15, actual 1.14.0 (loaded from /opt/ohpc/pub/mpi/ucx-ohpc/1.14.0/lib/libucp.so.0)
[1779853348.396542] [trembesi41:2003352:0]     ucp_context.c:1969 UCX  WARN  UCP API version is incompatible: required >= 1.15, actual 1.14.0 (loaded from /opt/ohpc/pub/mpi/ucx-ohpc/1.14.0/lib/libucp.so.0)
[1779853348.411155] [trembesi41:2003329:0]     ucp_context.c:1969 UCX  WARN  UCP API version is incompatible: required >= 1.15, actual 1.14.0 (loaded from /opt/ohpc/pub/mpi/ucx-ohpc/1.14.0/lib/libucp.so.0)
[1779853348.429769] [trembesi41:2003280:0]     ucp_context.c:1969 UCX  WARN  UCP API version is incompatible: required >= 1.15, actual 1.14.0 (loaded from /opt/ohpc/pub/mpi/ucx-ohpc/1.14.0/lib/libucp.so.0)
[1779853348.435752] [trembesi41:2003397:0]     ucp_context.c:1969 UCX  WARN  UCP API version is incompatible: required >= 1.15, actual 1.14.0 (loaded from /opt/ohpc/pub/mpi/ucx-ohpc/1.14.0/lib/libucp.so.0)
[1779853348.446248] [trembesi41:2003306:0]     ucp_context.c:1969 UCX  WARN  UCP API version is incompatible: required >= 1.15, actual 1.14.0 (loaded from /opt/ohpc/pub/mpi/ucx-ohpc/1.14.0/lib/libucp.so.0)
[1779853348.460453] [trembesi41:2003405:0]     ucp_context.c:1969 UCX  WARN  UCP API version is incompatible: required >= 1.15, actual 1.14.0 (loaded from /opt/ohpc/pub/mpi/ucx-ohpc/1.14.0/lib/libucp.so.0)
[1779853348.461836] [trembesi41:2003318:0]     ucp_context.c:1969 UCX  WARN  UCP API version is incompatible: required >= 1.15, actual 1.14.0 (loaded from /opt/ohpc/pub/mpi/ucx-ohpc/1.14.0/lib/libucp.so.0)
[1779853348.496825] [trembesi41:2003333:0]     ucp_context.c:1969 UCX  WARN  UCP API version is incompatible: required >= 1.15, actual 1.14.0 (loaded from /opt/ohpc/pub/mpi/ucx-ohpc/1.14.0/lib/libucp.so.0)
[1779853348.499157] [trembesi41:2003386:0]     ucp_context.c:1969 UCX  WARN  UCP API version is incompatible: required >= 1.15, actual 1.14.0 (loaded from /opt/ohpc/pub/mpi/ucx-ohpc/1.14.0/lib/libucp.so.0)
[1779853348.501886] [trembesi41:2003288:0]     ucp_context.c:1969 UCX  WARN  UCP API version is incompatible: required >= 1.15, actual 1.14.0 (loaded from /opt/ohpc/pub/mpi/ucx-ohpc/1.14.0/lib/libucp.so.0)
[1779853348.503375] [trembesi41:2003389:0]     ucp_context.c:1969 UCX  WARN  UCP API version is incompatible: required >= 1.15, actual 1.14.0 (loaded from /opt/ohpc/pub/mpi/ucx-ohpc/1.14.0/lib/libucp.so.0)
[1779853348.510481] [trembesi41:2003252:0]     ucp_context.c:1969 UCX  WARN  UCP API version is incompatible: required >= 1.15, actual 1.14.0 (loaded from /opt/ohpc/pub/mpi/ucx-ohpc/1.14.0/lib/libucp.so.0)
[1779853348.518258] [trembesi41:2003379:0]     ucp_context.c:1969 UCX  WARN  UCP API version is incompatible: required >= 1.15, actual 1.14.0 (loaded from /opt/ohpc/pub/mpi/ucx-ohpc/1.14.0/lib/libucp.so.0)
[1779853348.523066] [trembesi41:2003282:0]     ucp_context.c:1969 UCX  WARN  UCP API version is incompatible: required >= 1.15, actual 1.14.0 (loaded from /opt/ohpc/pub/mpi/ucx-ohpc/1.14.0/lib/libucp.so.0)
[1779853348.523140] [trembesi41:2003367:0]     ucp_context.c:1969 UCX  WARN  UCP API version is incompatible: required >= 1.15, actual 1.14.0 (loaded from /opt/ohpc/pub/mpi/ucx-ohpc/1.14.0/lib/libucp.so.0)
[1779853348.524967] [trembesi41:2003392:0]     ucp_context.c:1969 UCX  WARN  UCP API version is incompatible: required >= 1.15, actual 1.14.0 (loaded from /opt/ohpc/pub/mpi/ucx-ohpc/1.14.0/lib/libucp.so.0)
[1779853348.525804] [trembesi41:2003324:0]     ucp_context.c:1969 UCX  WARN  UCP API version is incompatible: required >= 1.15, actual 1.14.0 (loaded from /opt/ohpc/pub/mpi/ucx-ohpc/1.14.0/lib/libucp.so.0)
[1779853348.527321] [trembesi41:2003258:0]     ucp_context.c:1969 UCX  WARN  UCP API version is incompatible: required >= 1.15, actual 1.14.0 (loaded from /opt/ohpc/pub/mpi/ucx-ohpc/1.14.0/lib/libucp.so.0)
[1779853348.528803] [trembesi41:2003298:0]     ucp_context.c:1969 UCX  WARN  UCP API version is incompatible: required >= 1.15, actual 1.14.0 (loaded from /opt/ohpc/pub/mpi/ucx-ohpc/1.14.0/lib/libucp.so.0)
[1779853348.530754] [trembesi41:2003256:0]     ucp_context.c:1969 UCX  WARN  UCP API version is incompatible: required >= 1.15, actual 1.14.0 (loaded from /opt/ohpc/pub/mpi/ucx-ohpc/1.14.0/lib/libucp.so.0)
[1779853348.531152] [trembesi41:2003343:0]     ucp_context.c:1969 UCX  WARN  UCP API version is incompatible: required >= 1.15, actual 1.14.0 (loaded from /opt/ohpc/pub/mpi/ucx-ohpc/1.14.0/lib/libucp.so.0)
[1779853348.536344] [trembesi41:2003327:0]     ucp_context.c:1969 UCX  WARN  UCP API version is incompatible: required >= 1.15, actual 1.14.0 (loaded from /opt/ohpc/pub/mpi/ucx-ohpc/1.14.0/lib/libucp.so.0)
[1779853348.537474] [trembesi41:2003259:0]     ucp_context.c:1969 UCX  WARN  UCP API version is incompatible: required >= 1.15, actual 1.14.0 (loaded from /opt/ohpc/pub/mpi/ucx-ohpc/1.14.0/lib/libucp.so.0)
[1779853348.537534] [trembesi41:2003359:0]     ucp_context.c:1969 UCX  WARN  UCP API version is incompatible: required >= 1.15, actual 1.14.0 (loaded from /opt/ohpc/pub/mpi/ucx-ohpc/1.14.0/lib/libucp.so.0)
[1779853348.538578] [trembesi41:2003251:0]     ucp_context.c:1969 UCX  WARN  UCP API version is incompatible: required >= 1.15, actual 1.14.0 (loaded from /opt/ohpc/pub/mpi/ucx-ohpc/1.14.0/lib/libucp.so.0)
[1779853348.538579] [trembesi41:2003294:0]     ucp_context.c:1969 UCX  WARN  UCP API version is incompatible: required >= 1.15, actual 1.14.0 (loaded from /opt/ohpc/pub/mpi/ucx-ohpc/1.14.0/lib/libucp.so.0)
[1779853348.538861] [trembesi41:2003410:0]     ucp_context.c:1969 UCX  WARN  UCP API version is incompatible: required >= 1.15, actual 1.14.0 (loaded from /opt/ohpc/pub/mpi/ucx-ohpc/1.14.0/lib/libucp.so.0)
[1779853348.541408] [trembesi41:2003303:0]     ucp_context.c:1969 UCX  WARN  UCP API version is incompatible: required >= 1.15, actual 1.14.0 (loaded from /opt/ohpc/pub/mpi/ucx-ohpc/1.14.0/lib/libucp.so.0)
[1779853348.541442] [trembesi41:2003263:0]     ucp_context.c:1969 UCX  WARN  UCP API version is incompatible: required >= 1.15, actual 1.14.0 (loaded from /opt/ohpc/pub/mpi/ucx-ohpc/1.14.0/lib/libucp.so.0)
[1779853348.544265] [trembesi41:2003278:0]     ucp_context.c:1969 UCX  WARN  UCP API version is incompatible: required >= 1.15, actual 1.14.0 (loaded from /opt/ohpc/pub/mpi/ucx-ohpc/1.14.0/lib/libucp.so.0)
[1779853349.286584] [trembesi41:2003259:0]     ucp_context.c:1969 UCX  WARN  UCP API version is incompatible: required >= 1.15, actual 1.14.0 (loaded from /opt/ohpc/pub/mpi/ucx-ohpc/1.14.0/lib/libucp.so.0)
[1779853349.286654] [trembesi41:2003314:0]     ucp_context.c:1969 UCX  WARN  UCP API version is incompatible: required >= 1.15, actual 1.14.0 (loaded from /opt/ohpc/pub/mpi/ucx-ohpc/1.14.0/lib/libucp.so.0)
[1779853349.286776] [trembesi41:2003266:0]     ucp_context.c:1969 UCX  WARN  UCP API version is incompatible: required >= 1.15, actual 1.14.0 (loaded from /opt/ohpc/pub/mpi/ucx-ohpc/1.14.0/lib/libucp.so.0)
[1779853349.286752] [trembesi41:2003257:0]     ucp_context.c:1969 UCX  WARN  UCP API version is incompatible: required >= 1.15, actual 1.14.0 (loaded from /opt/ohpc/pub/mpi/ucx-ohpc/1.14.0/lib/libucp.so.0)
[1779853349.286821] [trembesi41:2003267:0]     ucp_context.c:1969 UCX  WARN  UCP API version is incompatible: required >= 1.15, actual 1.14.0 (loaded from /opt/ohpc/pub/mpi/ucx-ohpc/1.14.0/lib/libucp.so.0)
[1779853349.286826] [trembesi41:2003349:0]     ucp_context.c:1969 UCX  WARN  UCP API version is incompatible: required >= 1.15, actual 1.14.0 (loaded from /opt/ohpc/pub/mpi/ucx-ohpc/1.14.0/lib/libucp.so.0)
[1779853349.286879] [trembesi41:2003340:0]     ucp_context.c:1969 UCX  WARN  UCP API version is incompatible: required >= 1.15, actual 1.14.0 (loaded from /opt/ohpc/pub/mpi/ucx-ohpc/1.14.0/lib/libucp.so.0)
[1779853349.286817] [trembesi41:2003364:0]     ucp_context.c:1969 UCX  WARN  UCP API version is incompatible: required >= 1.15, actual 1.14.0 (loaded from /opt/ohpc/pub/mpi/ucx-ohpc/1.14.0/lib/libucp.so.0)
[1779853349.286828] [trembesi41:2003370:0]     ucp_context.c:1969 UCX  WARN  UCP API version is incompatible: required >= 1.15, actual 1.14.0 (loaded from /opt/ohpc/pub/mpi/ucx-ohpc/1.14.0/lib/libucp.so.0)
[1779853349.286847] [trembesi41:2003320:0]     ucp_context.c:1969 UCX  WARN  UCP API version is incompatible: required >= 1.15, actual 1.14.0 (loaded from /opt/ohpc/pub/mpi/ucx-ohpc/1.14.0/lib/libucp.so.0)
[1779853349.286916] [trembesi41:2003255:0]     ucp_context.c:1969 UCX  WARN  UCP API version is incompatible: required >= 1.15, actual 1.14.0 (loaded from /opt/ohpc/pub/mpi/ucx-ohpc/1.14.0/lib/libucp.so.0)
[1779853349.286922] [trembesi41:2003382:0]     ucp_context.c:1969 UCX  WARN  UCP API version is incompatible: required >= 1.15, actual 1.14.0 (loaded from /opt/ohpc/pub/mpi/ucx-ohpc/1.14.0/lib/libucp.so.0)
[1779853349.286967] [trembesi41:2003402:0]     ucp_context.c:1969 UCX  WARN  UCP API version is incompatible: required >= 1.15, actual 1.14.0 (loaded from /opt/ohpc/pub/mpi/ucx-ohpc/1.14.0/lib/libucp.so.0)
[1779853349.286940] [trembesi41:2003335:0]     ucp_context.c:1969 UCX  WARN  UCP API version is incompatible: required >= 1.15, actual 1.14.0 (loaded from /opt/ohpc/pub/mpi/ucx-ohpc/1.14.0/lib/libucp.so.0)
[1779853349.286973] [trembesi41:2003339:0]     ucp_context.c:1969 UCX  WARN  UCP API version is incompatible: required >= 1.15, actual 1.14.0 (loaded from /opt/ohpc/pub/mpi/ucx-ohpc/1.14.0/lib/libucp.so.0)
[1779853349.286984] [trembesi41:2003261:0]     ucp_context.c:1969 UCX  WARN  UCP API version is incompatible: required >= 1.15, actual 1.14.0 (loaded from /opt/ohpc/pub/mpi/ucx-ohpc/1.14.0/lib/libucp.so.0)
[1779853349.287045] [trembesi41:2003253:0]     ucp_context.c:1969 UCX  WARN  UCP API version is incompatible: required >= 1.15, actual 1.14.0 (loaded from /opt/ohpc/pub/mpi/ucx-ohpc/1.14.0/lib/libucp.so.0)
[1779853349.287024] [trembesi41:2003331:0]     ucp_context.c:1969 UCX  WARN  UCP API version is incompatible: required >= 1.15, actual 1.14.0 (loaded from /opt/ohpc/pub/mpi/ucx-ohpc/1.14.0/lib/libucp.so.0)
[1779853349.287074] [trembesi41:2003262:0]     ucp_context.c:1969 UCX  WARN  UCP API version is incompatible: required >= 1.15, actual 1.14.0 (loaded from /opt/ohpc/pub/mpi/ucx-ohpc/1.14.0/lib/libucp.so.0)
[1779853349.287070] [trembesi41:2003296:0]     ucp_context.c:1969 UCX  WARN  UCP API version is incompatible: required >= 1.15, actual 1.14.0 (loaded from /opt/ohpc/pub/mpi/ucx-ohpc/1.14.0/lib/libucp.so.0)
[1779853349.287099] [trembesi41:2003260:0]     ucp_context.c:1969 UCX  WARN  UCP API version is incompatible: required >= 1.15, actual 1.14.0 (loaded from /opt/ohpc/pub/mpi/ucx-ohpc/1.14.0/lib/libucp.so.0)
[1779853349.287118] [trembesi41:2003275:0]     ucp_context.c:1969 UCX  WARN  UCP API version is incompatible: required >= 1.15, actual 1.14.0 (loaded from /opt/ohpc/pub/mpi/ucx-ohpc/1.14.0/lib/libucp.so.0)
[1779853349.287171] [trembesi41:2003408:0]     ucp_context.c:1969 UCX  WARN  UCP API version is incompatible: required >= 1.15, actual 1.14.0 (loaded from /opt/ohpc/pub/mpi/ucx-ohpc/1.14.0/lib/libucp.so.0)
[1779853349.287232] [trembesi41:2003375:0]     ucp_context.c:1969 UCX  WARN  UCP API version is incompatible: required >= 1.15, actual 1.14.0 (loaded from /opt/ohpc/pub/mpi/ucx-ohpc/1.14.0/lib/libucp.so.0)
[1779853349.287277] [trembesi41:2003287:0]     ucp_context.c:1969 UCX  WARN  UCP API version is incompatible: required >= 1.15, actual 1.14.0 (loaded from /opt/ohpc/pub/mpi/ucx-ohpc/1.14.0/lib/libucp.so.0)
[1779853349.287276] [trembesi41:2003290:0]     ucp_context.c:1969 UCX  WARN  UCP API version is incompatible: required >= 1.15, actual 1.14.0 (loaded from /opt/ohpc/pub/mpi/ucx-ohpc/1.14.0/lib/libucp.so.0)
[1779853349.287283] [trembesi41:2003271:0]     ucp_context.c:1969 UCX  WARN  UCP API version is incompatible: required >= 1.15, actual 1.14.0 (loaded from /opt/ohpc/pub/mpi/ucx-ohpc/1.14.0/lib/libucp.so.0)
[1779853349.287273] [trembesi41:2003399:0]     ucp_context.c:1969 UCX  WARN  UCP API version is incompatible: required >= 1.15, actual 1.14.0 (loaded from /opt/ohpc/pub/mpi/ucx-ohpc/1.14.0/lib/libucp.so.0)
[1779853349.287286] [trembesi41:2003270:0]     ucp_context.c:1969 UCX  WARN  UCP API version is incompatible: required >= 1.15, actual 1.14.0 (loaded from /opt/ohpc/pub/mpi/ucx-ohpc/1.14.0/lib/libucp.so.0)
[1779853349.287311] [trembesi41:2003273:0]     ucp_context.c:1969 UCX  WARN  UCP API version is incompatible: required >= 1.15, actual 1.14.0 (loaded from /opt/ohpc/pub/mpi/ucx-ohpc/1.14.0/lib/libucp.so.0)
[1779853349.287323] [trembesi41:2003264:0]     ucp_context.c:1969 UCX  WARN  UCP API version is incompatible: required >= 1.15, actual 1.14.0 (loaded from /opt/ohpc/pub/mpi/ucx-ohpc/1.14.0/lib/libucp.so.0)
[1779853349.287307] [trembesi41:2003288:0]     ucp_context.c:1969 UCX  WARN  UCP API version is incompatible: required >= 1.15, actual 1.14.0 (loaded from /opt/ohpc/pub/mpi/ucx-ohpc/1.14.0/lib/libucp.so.0)
[1779853349.287328] [trembesi41:2003355:0]     ucp_context.c:1969 UCX  WARN  UCP API version is incompatible: required >= 1.15, actual 1.14.0 (loaded from /opt/ohpc/pub/mpi/ucx-ohpc/1.14.0/lib/libucp.so.0)
[1779853349.287364] [trembesi41:2003254:0]     ucp_context.c:1969 UCX  WARN  UCP API version is incompatible: required >= 1.15, actual 1.14.0 (loaded from /opt/ohpc/pub/mpi/ucx-ohpc/1.14.0/lib/libucp.so.0)
[1779853349.287357] [trembesi41:2003333:0]     ucp_context.c:1969 UCX  WARN  UCP API version is incompatible: required >= 1.15, actual 1.14.0 (loaded from /opt/ohpc/pub/mpi/ucx-ohpc/1.14.0/lib/libucp.so.0)
[1779853349.287333] [trembesi41:2003306:0]     ucp_context.c:1969 UCX  WARN  UCP API version is incompatible: required >= 1.15, actual 1.14.0 (loaded from /opt/ohpc/pub/mpi/ucx-ohpc/1.14.0/lib/libucp.so.0)
[1779853349.287412] [trembesi41:2003389:0]     ucp_context.c:1969 UCX  WARN  UCP API version is incompatible: required >= 1.15, actual 1.14.0 (loaded from /opt/ohpc/pub/mpi/ucx-ohpc/1.14.0/lib/libucp.so.0)
[1779853349.287407] [trembesi41:2003284:0]     ucp_context.c:1969 UCX  WARN  UCP API version is incompatible: required >= 1.15, actual 1.14.0 (loaded from /opt/ohpc/pub/mpi/ucx-ohpc/1.14.0/lib/libucp.so.0)
[1779853349.287404] [trembesi41:2003258:0]     ucp_context.c:1969 UCX  WARN  UCP API version is incompatible: required >= 1.15, actual 1.14.0 (loaded from /opt/ohpc/pub/mpi/ucx-ohpc/1.14.0/lib/libucp.so.0)
[1779853349.287400] [trembesi41:2003280:0]     ucp_context.c:1969 UCX  WARN  UCP API version is incompatible: required >= 1.15, actual 1.14.0 (loaded from /opt/ohpc/pub/mpi/ucx-ohpc/1.14.0/lib/libucp.so.0)
[1779853349.287437] [trembesi41:2003324:0]     ucp_context.c:1969 UCX  WARN  UCP API version is incompatible: required >= 1.15, actual 1.14.0 (loaded from /opt/ohpc/pub/mpi/ucx-ohpc/1.14.0/lib/libucp.so.0)
[1779853349.287437] [trembesi41:2003309:0]     ucp_context.c:1969 UCX  WARN  UCP API version is incompatible: required >= 1.15, actual 1.14.0 (loaded from /opt/ohpc/pub/mpi/ucx-ohpc/1.14.0/lib/libucp.so.0)
[1779853349.287452] [trembesi41:2003386:0]     ucp_context.c:1969 UCX  WARN  UCP API version is incompatible: required >= 1.15, actual 1.14.0 (loaded from /opt/ohpc/pub/mpi/ucx-ohpc/1.14.0/lib/libucp.so.0)
[1779853349.287450] [trembesi41:2003282:0]     ucp_context.c:1969 UCX  WARN  UCP API version is incompatible: required >= 1.15, actual 1.14.0 (loaded from /opt/ohpc/pub/mpi/ucx-ohpc/1.14.0/lib/libucp.so.0)
[1779853349.287491] [trembesi41:2003298:0]     ucp_context.c:1969 UCX  WARN  UCP API version is incompatible: required >= 1.15, actual 1.14.0 (loaded from /opt/ohpc/pub/mpi/ucx-ohpc/1.14.0/lib/libucp.so.0)
[1779853349.287489] [trembesi41:2003329:0]     ucp_context.c:1969 UCX  WARN  UCP API version is incompatible: required >= 1.15, actual 1.14.0 (loaded from /opt/ohpc/pub/mpi/ucx-ohpc/1.14.0/lib/libucp.so.0)
[1779853349.287514] [trembesi41:2003392:0]     ucp_context.c:1969 UCX  WARN  UCP API version is incompatible: required >= 1.15, actual 1.14.0 (loaded from /opt/ohpc/pub/mpi/ucx-ohpc/1.14.0/lib/libucp.so.0)
[1779853349.287506] [trembesi41:2003405:0]     ucp_context.c:1969 UCX  WARN  UCP API version is incompatible: required >= 1.15, actual 1.14.0 (loaded from /opt/ohpc/pub/mpi/ucx-ohpc/1.14.0/lib/libucp.so.0)
[1779853349.287491] [trembesi41:2003318:0]     ucp_context.c:1969 UCX  WARN  UCP API version is incompatible: required >= 1.15, actual 1.14.0 (loaded from /opt/ohpc/pub/mpi/ucx-ohpc/1.14.0/lib/libucp.so.0)
[1779853349.287500] [trembesi41:2003352:0]     ucp_context.c:1969 UCX  WARN  UCP API version is incompatible: required >= 1.15, actual 1.14.0 (loaded from /opt/ohpc/pub/mpi/ucx-ohpc/1.14.0/lib/libucp.so.0)
[1779853349.287519] [trembesi41:2003367:0]     ucp_context.c:1969 UCX  WARN  UCP API version is incompatible: required >= 1.15, actual 1.14.0 (loaded from /opt/ohpc/pub/mpi/ucx-ohpc/1.14.0/lib/libucp.so.0)
[1779853349.287508] [trembesi41:2003294:0]     ucp_context.c:1969 UCX  WARN  UCP API version is incompatible: required >= 1.15, actual 1.14.0 (loaded from /opt/ohpc/pub/mpi/ucx-ohpc/1.14.0/lib/libucp.so.0)
[1779853349.287542] [trembesi41:2003327:0]     ucp_context.c:1969 UCX  WARN  UCP API version is incompatible: required >= 1.15, actual 1.14.0 (loaded from /opt/ohpc/pub/mpi/ucx-ohpc/1.14.0/lib/libucp.so.0)
[1779853349.287550] [trembesi41:2003303:0]     ucp_context.c:1969 UCX  WARN  UCP API version is incompatible: required >= 1.15, actual 1.14.0 (loaded from /opt/ohpc/pub/mpi/ucx-ohpc/1.14.0/lib/libucp.so.0)
[1779853349.287558] [trembesi41:2003263:0]     ucp_context.c:1969 UCX  WARN  UCP API version is incompatible: required >= 1.15, actual 1.14.0 (loaded from /opt/ohpc/pub/mpi/ucx-ohpc/1.14.0/lib/libucp.so.0)
[1779853349.287526] [trembesi41:2003251:0]     ucp_context.c:1969 UCX  WARN  UCP API version is incompatible: required >= 1.15, actual 1.14.0 (loaded from /opt/ohpc/pub/mpi/ucx-ohpc/1.14.0/lib/libucp.so.0)
[1779853349.287553] [trembesi41:2003410:0]     ucp_context.c:1969 UCX  WARN  UCP API version is incompatible: required >= 1.15, actual 1.14.0 (loaded from /opt/ohpc/pub/mpi/ucx-ohpc/1.14.0/lib/libucp.so.0)
[1779853349.287572] [trembesi41:2003343:0]     ucp_context.c:1969 UCX  WARN  UCP API version is incompatible: required >= 1.15, actual 1.14.0 (loaded from /opt/ohpc/pub/mpi/ucx-ohpc/1.14.0/lib/libucp.so.0)
[1779853349.287562] [trembesi41:2003397:0]     ucp_context.c:1969 UCX  WARN  UCP API version is incompatible: required >= 1.15, actual 1.14.0 (loaded from /opt/ohpc/pub/mpi/ucx-ohpc/1.14.0/lib/libucp.so.0)
[1779853349.287577] [trembesi41:2003256:0]     ucp_context.c:1969 UCX  WARN  UCP API version is incompatible: required >= 1.15, actual 1.14.0 (loaded from /opt/ohpc/pub/mpi/ucx-ohpc/1.14.0/lib/libucp.so.0)
[1779853349.287572] [trembesi41:2003278:0]     ucp_context.c:1969 UCX  WARN  UCP API version is incompatible: required >= 1.15, actual 1.14.0 (loaded from /opt/ohpc/pub/mpi/ucx-ohpc/1.14.0/lib/libucp.so.0)
[1779853349.287530] [trembesi41:2003252:0]     ucp_context.c:1969 UCX  WARN  UCP API version is incompatible: required >= 1.15, actual 1.14.0 (loaded from /opt/ohpc/pub/mpi/ucx-ohpc/1.14.0/lib/libucp.so.0)
[1779853349.287608] [trembesi41:2003359:0]     ucp_context.c:1969 UCX  WARN  UCP API version is incompatible: required >= 1.15, actual 1.14.0 (loaded from /opt/ohpc/pub/mpi/ucx-ohpc/1.14.0/lib/libucp.so.0)
[1779853349.287609] [trembesi41:2003379:0]     ucp_context.c:1969 UCX  WARN  UCP API version is incompatible: required >= 1.15, actual 1.14.0 (loaded from /opt/ohpc/pub/mpi/ucx-ohpc/1.14.0/lib/libucp.so.0)

     Program PWSCF v.7.2 starts on 27May2026 at 10:42:29 

     This program is part of the open-source Quantum ESPRESSO suite
     for quantum simulation of materials; please cite
         "P. Giannozzi et al., J. Phys.:Condens. Matter 21 395502 (2009);
         "P. Giannozzi et al., J. Phys.:Condens. Matter 29 465901 (2017);
         "P. Giannozzi et al., J. Chem. Phys. 152 154105 (2020);
          URL http://www.quantum-espresso.org", 
     in publications or presentations arising from this work. More details at
     http://www.quantum-espresso.org/quote

     Parallel version (MPI), running on    64 processors

     MPI processes distributed on     1 nodes
     228856 MiB available memory on the printing compute node when the environment starts

     Reading input from disp_012_atom2_-1z.in

     Current dimensions of program PWSCF are:
     Max number of different atomic species (ntypx) = 10
     Max number of k-points (npk) =  40000
     Max angular momentum in pseudopotentials (lmaxx) =  4
     file H.pbesol-kjpaw_psl.0.1.UPF: wavefunction(s)  1S renormalized

     gamma-point specific algorithms are used
     Message from routine setup:
     using ibrav=0 with symmetry is DISCOURAGED, use correct ibrav instead

     R & G space division:  proc/nbgrp/npool/nimage =      64
     Subspace diagonalization in iterative solution of the eigenvalue problem:
     a serial algorithm will be used


     Parallelization info
     --------------------
     sticks:   dense  smooth     PW     G-vecs:    dense   smooth      PW
     Min         567     284     69                81548    28832    3594
     Max         570     286     72                81558    28844    3612
     Sum       36381   18197   4537              5219483  1845573  230389

     Using Slab Decomposition



     bravais-lattice index     =            0
     lattice parameter (alat)  =      37.7945  a.u.
     unit-cell volume          =   53986.6760 (a.u.)^3
     number of atoms/cell      =            2
     number of atomic types    =            1
     number of electrons       =         2.00 (up:   1.00, down:   1.00)
     number of Kohn-Sham states=            1
     kinetic-energy cutoff     =      40.0000  Ry
     charge density cutoff     =     320.0000  Ry
     scf convergence threshold =      1.0E-10
     mixing beta               =       0.3000
     number of iterations used =            8  local-TF  mixing
     Exchange-correlation= SLA  PW   PSX  PSC
                           (   1   4  10   8   0   0   0)

     celldm(1)=  37.794522  celldm(2)=   0.000000  celldm(3)=   0.000000
     celldm(4)=   0.000000  celldm(5)=   0.000000  celldm(6)=   0.000000

     crystal axes: (cart. coord. in units of alat)
               a(1) = (   1.000000   0.000000   0.000000 )  
               a(2) = (   0.000000   1.000000   0.000000 )  
               a(3) = (   0.000000   0.000000   1.000000 )  

     reciprocal axes: (cart. coord. in units 2 pi/alat)
               b(1) = (  1.000000  0.000000  0.000000 )  
               b(2) = (  0.000000  1.000000  0.000000 )  
               b(3) = (  0.000000  0.000000  1.000000 )  


     PseudoPot. # 1 for H  read from file:
     /mgpfs/home/lala002/pseudo/H.pbesol-kjpaw_psl.0.1.UPF
     MD5 check sum: 27a6b98f1514c59d399e798f1258b8b7
     Pseudo is Projector augmented-wave, Zval =  1.0
     Generated using "atomic" code by A. Dal Corso  v.5.0.2 svn rev. 9415
     Shape of augmentation charge: PSQ
     Using radial grid of  929 points,  2 beta functions with: 
                l(1) =   0
                l(2) =   0
     Q(r) pseudized with 0 coefficients 


     atomic species   valence    mass     pseudopotential
        H              1.00     1.00794     H ( 1.00)

     Starting magnetic structure 
     atomic species   magnetization
        H            0.000

      2 Sym. Ops. (no inversion) found



   Cartesian axes

     site n.     atom                  positions (alat units)
         1           H   tau(   1) = (   0.0000000   0.0000000   0.0000000  )
         2           H   tau(   2) = (   0.0380000   0.0000000  -0.0010000  )

     --------------------------------------------
     DFT-D3 Dispersion Correction (3-body terms):
     --------------------------------------------
       Reference C6 values for interpolation: 

         atom   Coordination number   C6
         H          0.912             6.05
         H          0.000            15.18

       Values used:

         atom   Coordination number  R0_AB[au]  C6      C8
         H          0.876            2.062      6.36     76.91
         H          0.876            2.062      6.36     76.91

         Molecular C6 ( Ry / a.u.^6 ) =        25.45


     number of k points=     1
                       cart. coord. in units 2pi/alat
        k(    1) = (   0.0000000   0.0000000   0.0000000), wk =   1.0000000

     Dense  grid:  2609742 G-vectors     FFT dimensions: ( 216, 216, 216)

     Smooth grid:   922787 G-vectors     FFT dimensions: ( 160, 160, 160)

     Estimated max dynamical RAM per process >      66.75 MB

     Estimated total dynamical RAM >       4.17 GB
     Generating pointlists ...
     new r_m :   0.0157 (alat units)  0.5926 (a.u.) for type    1

     Initial potential from superposition of free atoms

     starting charge       2.0000, renormalised to       2.0000

     negative rho (up, down):  8.198E-05 8.198E-05
     Starting wfcs are    2 randomized atomic wfcs
     Checking if some PAW data can be deallocated... 

     total cpu time spent up to now is        2.2 secs

     Self-consistent Calculation

     iteration #  1     ecut=    40.00 Ry     beta= 0.30
     Davidson diagonalization with overlap
     ethr =  1.00E-02,  avg # of iterations =  2.0

     negative rho (up, down):  1.639E-08 1.640E-08

     total cpu time spent up to now is        9.4 secs

     total energy              =      -2.32704329 Ry
     estimated scf accuracy    <       0.11292467 Ry

     total magnetization       =     0.00 Bohr mag/cell
     absolute magnetization    =     0.00 Bohr mag/cell

     iteration #  2     ecut=    40.00 Ry     beta= 0.30
     Davidson diagonalization with overlap
     ethr =  5.65E-03,  avg # of iterations =  1.0

     negative rho (up, down):  3.457E-06 3.458E-06

     total cpu time spent up to now is       17.5 secs

     total energy              =      -2.28864447 Ry
     estimated scf accuracy    <       0.07237687 Ry

     total magnetization       =    -0.00 Bohr mag/cell
     absolute magnetization    =     0.00 Bohr mag/cell

     iteration #  3     ecut=    40.00 Ry     beta= 0.30
     Davidson diagonalization with overlap
     ethr =  3.62E-03,  avg # of iterations =  1.0

     negative rho (up, down):  2.126E-03 2.126E-03

     total cpu time spent up to now is       23.3 secs

     total energy              =      -2.29725368 Ry
     estimated scf accuracy    <       0.00492619 Ry

     total magnetization       =    -0.00 Bohr mag/cell
     absolute magnetization    =     0.00 Bohr mag/cell

     iteration #  4     ecut=    40.00 Ry     beta= 0.30
     Davidson diagonalization with overlap
     ethr =  2.46E-04,  avg # of iterations =  1.0

     negative rho (up, down):  3.037E-03 3.038E-03

     total cpu time spent up to now is       29.9 secs

     total energy              =      -2.29619946 Ry
     estimated scf accuracy    <       0.00807479 Ry

     total magnetization       =     0.00 Bohr mag/cell
     absolute magnetization    =     0.00 Bohr mag/cell

     iteration #  5     ecut=    40.00 Ry     beta= 0.30
     Davidson diagonalization with overlap
     ethr =  2.46E-04,  avg # of iterations =  1.0

     negative rho (up, down):  1.281E-02 1.281E-02

     total cpu time spent up to now is       35.9 secs

     total energy              =      -2.29374068 Ry
     estimated scf accuracy    <       0.00518848 Ry

     total magnetization       =    -0.00 Bohr mag/cell
     absolute magnetization    =     0.00 Bohr mag/cell

     iteration #  6     ecut=    40.00 Ry     beta= 0.30
     Davidson diagonalization with overlap
     ethr =  2.46E-04,  avg # of iterations =  2.0

     negative rho (up, down):  1.602E-02 1.602E-02

     total cpu time spent up to now is       41.9 secs

     total energy              =      -2.29449412 Ry
     estimated scf accuracy    <       0.00013480 Ry

     total magnetization       =     0.00 Bohr mag/cell
     absolute magnetization    =     0.00 Bohr mag/cell

     iteration #  7     ecut=    40.00 Ry     beta= 0.30
     Davidson diagonalization with overlap
     ethr =  6.74E-06,  avg # of iterations =  2.0

     negative rho (up, down):  4.968E-03 4.968E-03

     total cpu time spent up to now is       49.6 secs

     total energy              =      -2.29423648 Ry
     estimated scf accuracy    <       0.00013622 Ry

     total magnetization       =    -0.00 Bohr mag/cell
     absolute magnetization    =     0.00 Bohr mag/cell

     iteration #  8     ecut=    40.00 Ry     beta= 0.30
     Davidson diagonalization with overlap
     ethr =  6.74E-06,  avg # of iterations =  2.0

     negative rho (up, down):  1.579E-03 1.579E-03

     total cpu time spent up to now is       54.2 secs

     total energy              =      -2.29436941 Ry
     estimated scf accuracy    <       0.00004042 Ry

     total magnetization       =    -0.00 Bohr mag/cell
     absolute magnetization    =     0.00 Bohr mag/cell

     iteration #  9     ecut=    40.00 Ry     beta= 0.30
     Davidson diagonalization with overlap
     ethr =  2.02E-06,  avg # of iterations =  1.0

     negative rho (up, down):  7.769E-04 7.769E-04

     total cpu time spent up to now is       61.1 secs

     total energy              =      -2.29436297 Ry
     estimated scf accuracy    <       0.00002763 Ry

     total magnetization       =     0.00 Bohr mag/cell
     absolute magnetization    =     0.00 Bohr mag/cell

     iteration # 10     ecut=    40.00 Ry     beta= 0.30
     Davidson diagonalization with overlap
     ethr =  1.38E-06,  avg # of iterations =  2.0

     negative rho (up, down):  1.634E-04 1.634E-04

     total cpu time spent up to now is       66.6 secs

     total energy              =      -2.29436874 Ry
     estimated scf accuracy    <       0.00000173 Ry

     total magnetization       =    -0.00 Bohr mag/cell
     absolute magnetization    =     0.00 Bohr mag/cell

     iteration # 11     ecut=    40.00 Ry     beta= 0.30
     Davidson diagonalization with overlap
     ethr =  8.63E-08,  avg # of iterations =  2.0

     negative rho (up, down):  1.348E-04 1.348E-04

     total cpu time spent up to now is       72.9 secs

     total energy              =      -2.29436914 Ry
     estimated scf accuracy    <       0.00000006 Ry

     total magnetization       =     0.00 Bohr mag/cell
     absolute magnetization    =     0.00 Bohr mag/cell

     iteration # 12     ecut=    40.00 Ry     beta= 0.30
     Davidson diagonalization with overlap
     ethr =  3.23E-09,  avg # of iterations =  1.0

     negative rho (up, down):  1.101E-04 1.101E-04

     total cpu time spent up to now is       80.1 secs

     total energy              =      -2.29436939 Ry
     estimated scf accuracy    <          1.8E-09 Ry

     total magnetization       =    -0.00 Bohr mag/cell
     absolute magnetization    =     0.00 Bohr mag/cell

     iteration # 13     ecut=    40.00 Ry     beta= 0.30
     Davidson diagonalization with overlap
     ethr =  9.20E-11,  avg # of iterations =  2.0

     negative rho (up, down):  1.093E-04 1.094E-04

     total cpu time spent up to now is       85.4 secs

     total energy              =      -2.29436942 Ry
     estimated scf accuracy    <          2.1E-10 Ry

     total magnetization       =     0.00 Bohr mag/cell
     absolute magnetization    =     0.00 Bohr mag/cell

     iteration # 14     ecut=    40.00 Ry     beta= 0.30
     Davidson diagonalization with overlap
     ethr =  1.06E-11,  avg # of iterations =  2.0

     negative rho (up, down):  1.086E-04 1.086E-04

     Magnetic moment per site  (integrated on atomic sphere of radius R)
     atom   1 (R=0.016)  charge=  0.2113  magn= -0.0000
     atom   2 (R=0.016)  charge=  0.2122  magn=  0.0000

     total cpu time spent up to now is       85.9 secs

     End of self-consistent calculation

 ------ SPIN UP ------------


          k = 0.0000 0.0000 0.0000 (115195 PWs)   bands (ev):

   -10.1314

 ------ SPIN DOWN ----------


          k = 0.0000 0.0000 0.0000 (115195 PWs)   bands (ev):

   -10.1314

     highest occupied level (ev):   -10.1314

!    total energy              =      -2.29436943 Ry
     total all-electron energy =        -2.294501 Ry
     estimated scf accuracy    <          3.7E-12 Ry

     The total energy is the sum of the following terms:
     one-electron contribution =      -4.35068429 Ry
     hartree contribution      =       2.28710891 Ry
     xc contribution           =      -1.32265502 Ry
     ewald contribution        =       1.09196352 Ry
     DFT-D3 Dispersion         =      -0.00004778 Ry
     one-center paw contrib.   =      -0.00005478 Ry

     total magnetization       =    -0.00 Bohr mag/cell
     absolute magnetization    =     0.00 Bohr mag/cell

     charge density inside the Wigner-Seitz cell:    2.00000000

     reference position (x0):         0.71809593    0.00000000   -0.01889726 bohr

     Dipole moments (with respect to x0):
     Elect  -0.0000   0.0000   0.0000 au (Ha),  -0.0000   0.0000   0.0000 Debye
     Ionic   0.0000   0.0000   0.0000 au (Ha),   0.0000   0.0000   0.0000 Debye
     Total  -0.0000   0.0000   0.0000 au (Ha),  -0.0000   0.0000   0.0000 Debye

     Electrons quadrupole moment         -5.40260176 a.u. (Ha)
          Ions quadrupole moment          1.03203773 a.u. (Ha)
         Total quadrupole moment         -4.37056403 a.u. (Ha)

     *********    MAKOV-PAYNE CORRECTION    *********

     Makov-Payne correction with Madelung constant =   2.8373

     Makov-Payne correction     0.00000000 Ry =  0.000 eV (1st order, 1/a0)
                                0.00000000 Ry =  0.000 eV (2nd order, 1/a0^3)
                                0.00000000 Ry =  0.000 eV (total)

!    Total+Makov-Payne energy  =      -2.29436943 Ry
     Corrected vacuum level    =       0.00461665 eV

     convergence has been achieved in  14 iterations

     Forces acting on atoms (cartesian axes, Ry/au):

     atom    1 type  1   force =     0.00126700    0.00000000   -0.00003192
     atom    2 type  1   force =    -0.00126700    0.00000000    0.00003192
     The non-local contrib.  to forces
     atom    1 type  1   force =     0.06571342    0.00000000   -0.00172985
     atom    2 type  1   force =    -0.06571328    0.00000000    0.00172992
     The ionic contribution  to forces
     atom    1 type  1   force =    -0.96839766    0.00000000    0.02548421
     atom    2 type  1   force =     0.96839766   -0.00000000   -0.02548421
     The local contribution  to forces
     atom    1 type  1   force =     0.90397341    0.00000000   -0.02378685
     atom    2 type  1   force =    -0.90397351    0.00000000    0.02378688
     The core correction contribution to forces
     atom    1 type  1   force =     0.00000000    0.00000000    0.00000000
     atom    2 type  1   force =     0.00000000    0.00000000    0.00000000
     The Hubbard contrib.    to forces
     atom    1 type  1   force =     0.00000000    0.00000000    0.00000000
     atom    2 type  1   force =     0.00000000    0.00000000    0.00000000
     The SCF correction term to forces
     atom    1 type  1   force =     0.00000005   -0.00000002    0.00000001
     atom    2 type  1   force =    -0.00000006   -0.00000003   -0.00000006

     DFT-D3 dispersion contribution to forces:
     atom    1 type  1   force =    -0.00002221    0.00000000    0.00000058
     atom    2 type  1   force =     0.00002221   -0.00000000   -0.00000058

     Total force =     0.001792     Total SCF correction =     0.000000

     Writing all to output data dir ./H2.save/

     init_run     :      1.88s CPU      2.11s WALL (       1 calls)
     electrons    :     75.82s CPU     84.02s WALL (       1 calls)
     forces       :      0.25s CPU      0.33s WALL (       1 calls)
     force_dftd3  :      0.00s CPU      0.00s WALL (       1 calls)

     Called by init_run:
     wfcinit      :      0.02s CPU      0.06s WALL (       1 calls)
     potinit      :      0.53s CPU      0.66s WALL (       1 calls)
     hinit0       :      0.11s CPU      0.13s WALL (       1 calls)

     Called by electrons:
     c_bands      :      0.38s CPU      0.41s WALL (      14 calls)
     sum_band     :      0.52s CPU      0.55s WALL (      14 calls)
     v_of_rho     :      6.09s CPU      6.62s WALL (      15 calls)
     newd         :      0.62s CPU      0.66s WALL (      15 calls)
     PAW_pot      :      0.07s CPU      0.08s WALL (      15 calls)
     mix_rho      :     67.62s CPU     75.04s WALL (      14 calls)
     energy_dftd3 :      0.00s CPU      0.00s WALL (       1 calls)

     Called by c_bands:
     init_us_2    :      0.01s CPU      0.01s WALL (      60 calls)
     init_us_2:cp :      0.00s CPU      0.01s WALL (      60 calls)
     regterg      :      0.37s CPU      0.39s WALL (      28 calls)

     Called by *egterg:
     rdiaghg      :      0.00s CPU      0.00s WALL (      72 calls)
     h_psi        :      0.37s CPU      0.40s WALL (      74 calls)
     s_psi        :      0.00s CPU      0.00s WALL (      74 calls)
     g_psi        :      0.00s CPU      0.00s WALL (      44 calls)

     Called by h_psi:
     h_psi:calbec :      0.01s CPU      0.01s WALL (      74 calls)
     vloc_psi     :      0.36s CPU      0.38s WALL (      74 calls)
     add_vuspsi   :      0.00s CPU      0.00s WALL (      74 calls)

     General routines
     calbec       :      0.03s CPU      0.03s WALL (     110 calls)
     fft          :      4.17s CPU      4.85s WALL (     271 calls)
     ffts         :     42.38s CPU     49.56s WALL (   14495 calls)
     fftw         :      0.37s CPU      0.38s WALL (     176 calls)
     interpolate  :      0.63s CPU      0.71s WALL (      30 calls)

     Parallel routines

     PWSCF        :   1m18.16s CPU   1m26.90s WALL


   This run was terminated on:  10:43:56  27May2026            

=------------------------------------------------------------------------------=
   JOB DONE.
=------------------------------------------------------------------------------=
