[1779852896.987357] [trembesi41:2001353:0]     ucp_context.c:1969 UCX  WARN  UCP API version is incompatible: required >= 1.15, actual 1.14.0 (loaded from /opt/ohpc/pub/mpi/ucx-ohpc/1.14.0/lib/libucp.so.0)
[1779852896.987554] [trembesi41:2001369:0]     ucp_context.c:1969 UCX  WARN  UCP API version is incompatible: required >= 1.15, actual 1.14.0 (loaded from /opt/ohpc/pub/mpi/ucx-ohpc/1.14.0/lib/libucp.so.0)
[1779852896.987713] [trembesi41:2001362:0]     ucp_context.c:1969 UCX  WARN  UCP API version is incompatible: required >= 1.15, actual 1.14.0 (loaded from /opt/ohpc/pub/mpi/ucx-ohpc/1.14.0/lib/libucp.so.0)
[1779852896.988009] [trembesi41:2001386:0]     ucp_context.c:1969 UCX  WARN  UCP API version is incompatible: required >= 1.15, actual 1.14.0 (loaded from /opt/ohpc/pub/mpi/ucx-ohpc/1.14.0/lib/libucp.so.0)
[1779852896.988481] [trembesi41:2001354:0]     ucp_context.c:1969 UCX  WARN  UCP API version is incompatible: required >= 1.15, actual 1.14.0 (loaded from /opt/ohpc/pub/mpi/ucx-ohpc/1.14.0/lib/libucp.so.0)
[1779852896.988520] [trembesi41:2001378:0]     ucp_context.c:1969 UCX  WARN  UCP API version is incompatible: required >= 1.15, actual 1.14.0 (loaded from /opt/ohpc/pub/mpi/ucx-ohpc/1.14.0/lib/libucp.so.0)
[1779852896.988703] [trembesi41:2001377:0]     ucp_context.c:1969 UCX  WARN  UCP API version is incompatible: required >= 1.15, actual 1.14.0 (loaded from /opt/ohpc/pub/mpi/ucx-ohpc/1.14.0/lib/libucp.so.0)
[1779852896.989811] [trembesi41:2001345:0]     ucp_context.c:1969 UCX  WARN  UCP API version is incompatible: required >= 1.15, actual 1.14.0 (loaded from /opt/ohpc/pub/mpi/ucx-ohpc/1.14.0/lib/libucp.so.0)
[1779852896.990019] [trembesi41:2001337:0]     ucp_context.c:1969 UCX  WARN  UCP API version is incompatible: required >= 1.15, actual 1.14.0 (loaded from /opt/ohpc/pub/mpi/ucx-ohpc/1.14.0/lib/libucp.so.0)
[1779852896.990035] [trembesi41:2001350:0]     ucp_context.c:1969 UCX  WARN  UCP API version is incompatible: required >= 1.15, actual 1.14.0 (loaded from /opt/ohpc/pub/mpi/ucx-ohpc/1.14.0/lib/libucp.so.0)
[1779852896.990244] [trembesi41:2001381:0]     ucp_context.c:1969 UCX  WARN  UCP API version is incompatible: required >= 1.15, actual 1.14.0 (loaded from /opt/ohpc/pub/mpi/ucx-ohpc/1.14.0/lib/libucp.so.0)
[1779852896.990264] [trembesi41:2001328:0]     ucp_context.c:1969 UCX  WARN  UCP API version is incompatible: required >= 1.15, actual 1.14.0 (loaded from /opt/ohpc/pub/mpi/ucx-ohpc/1.14.0/lib/libucp.so.0)
[1779852896.990322] [trembesi41:2001380:0]     ucp_context.c:1969 UCX  WARN  UCP API version is incompatible: required >= 1.15, actual 1.14.0 (loaded from /opt/ohpc/pub/mpi/ucx-ohpc/1.14.0/lib/libucp.so.0)
[1779852896.990393] [trembesi41:2001382:0]     ucp_context.c:1969 UCX  WARN  UCP API version is incompatible: required >= 1.15, actual 1.14.0 (loaded from /opt/ohpc/pub/mpi/ucx-ohpc/1.14.0/lib/libucp.so.0)
[1779852896.990493] [trembesi41:2001340:0]     ucp_context.c:1969 UCX  WARN  UCP API version is incompatible: required >= 1.15, actual 1.14.0 (loaded from /opt/ohpc/pub/mpi/ucx-ohpc/1.14.0/lib/libucp.so.0)
[1779852896.990518] [trembesi41:2001335:0]     ucp_context.c:1969 UCX  WARN  UCP API version is incompatible: required >= 1.15, actual 1.14.0 (loaded from /opt/ohpc/pub/mpi/ucx-ohpc/1.14.0/lib/libucp.so.0)
[1779852896.990630] [trembesi41:2001389:0]     ucp_context.c:1969 UCX  WARN  UCP API version is incompatible: required >= 1.15, actual 1.14.0 (loaded from /opt/ohpc/pub/mpi/ucx-ohpc/1.14.0/lib/libucp.so.0)
[1779852896.990696] [trembesi41:2001334:0]     ucp_context.c:1969 UCX  WARN  UCP API version is incompatible: required >= 1.15, actual 1.14.0 (loaded from /opt/ohpc/pub/mpi/ucx-ohpc/1.14.0/lib/libucp.so.0)
[1779852896.990702] [trembesi41:2001358:0]     ucp_context.c:1969 UCX  WARN  UCP API version is incompatible: required >= 1.15, actual 1.14.0 (loaded from /opt/ohpc/pub/mpi/ucx-ohpc/1.14.0/lib/libucp.so.0)
[1779852896.990771] [trembesi41:2001351:0]     ucp_context.c:1969 UCX  WARN  UCP API version is incompatible: required >= 1.15, actual 1.14.0 (loaded from /opt/ohpc/pub/mpi/ucx-ohpc/1.14.0/lib/libucp.so.0)
[1779852897.007870] [trembesi41:2001349:0]     ucp_context.c:1969 UCX  WARN  UCP API version is incompatible: required >= 1.15, actual 1.14.0 (loaded from /opt/ohpc/pub/mpi/ucx-ohpc/1.14.0/lib/libucp.so.0)
[1779852897.008356] [trembesi41:2001333:0]     ucp_context.c:1969 UCX  WARN  UCP API version is incompatible: required >= 1.15, actual 1.14.0 (loaded from /opt/ohpc/pub/mpi/ucx-ohpc/1.14.0/lib/libucp.so.0)
[1779852897.009514] [trembesi41:2001339:0]     ucp_context.c:1969 UCX  WARN  UCP API version is incompatible: required >= 1.15, actual 1.14.0 (loaded from /opt/ohpc/pub/mpi/ucx-ohpc/1.14.0/lib/libucp.so.0)
[1779852897.035003] [trembesi41:2001363:0]     ucp_context.c:1969 UCX  WARN  UCP API version is incompatible: required >= 1.15, actual 1.14.0 (loaded from /opt/ohpc/pub/mpi/ucx-ohpc/1.14.0/lib/libucp.so.0)
[1779852897.046153] [trembesi41:2001371:0]     ucp_context.c:1969 UCX  WARN  UCP API version is incompatible: required >= 1.15, actual 1.14.0 (loaded from /opt/ohpc/pub/mpi/ucx-ohpc/1.14.0/lib/libucp.so.0)
[1779852897.075419] [trembesi41:2001374:0]     ucp_context.c:1969 UCX  WARN  UCP API version is incompatible: required >= 1.15, actual 1.14.0 (loaded from /opt/ohpc/pub/mpi/ucx-ohpc/1.14.0/lib/libucp.so.0)
[1779852897.075704] [trembesi41:2001346:0]     ucp_context.c:1969 UCX  WARN  UCP API version is incompatible: required >= 1.15, actual 1.14.0 (loaded from /opt/ohpc/pub/mpi/ucx-ohpc/1.14.0/lib/libucp.so.0)
[1779852897.077522] [trembesi41:2001344:0]     ucp_context.c:1969 UCX  WARN  UCP API version is incompatible: required >= 1.15, actual 1.14.0 (loaded from /opt/ohpc/pub/mpi/ucx-ohpc/1.14.0/lib/libucp.so.0)
[1779852897.081871] [trembesi41:2001336:0]     ucp_context.c:1969 UCX  WARN  UCP API version is incompatible: required >= 1.15, actual 1.14.0 (loaded from /opt/ohpc/pub/mpi/ucx-ohpc/1.14.0/lib/libucp.so.0)
[1779852897.109955] [trembesi41:2001359:0]     ucp_context.c:1969 UCX  WARN  UCP API version is incompatible: required >= 1.15, actual 1.14.0 (loaded from /opt/ohpc/pub/mpi/ucx-ohpc/1.14.0/lib/libucp.so.0)
[1779852897.121510] [trembesi41:2001332:0]     ucp_context.c:1969 UCX  WARN  UCP API version is incompatible: required >= 1.15, actual 1.14.0 (loaded from /opt/ohpc/pub/mpi/ucx-ohpc/1.14.0/lib/libucp.so.0)
[1779852897.127331] [trembesi41:2001379:0]     ucp_context.c:1969 UCX  WARN  UCP API version is incompatible: required >= 1.15, actual 1.14.0 (loaded from /opt/ohpc/pub/mpi/ucx-ohpc/1.14.0/lib/libucp.so.0)
[1779852897.140080] [trembesi41:2001388:0]     ucp_context.c:1969 UCX  WARN  UCP API version is incompatible: required >= 1.15, actual 1.14.0 (loaded from /opt/ohpc/pub/mpi/ucx-ohpc/1.14.0/lib/libucp.so.0)
[1779852897.140764] [trembesi41:2001390:0]     ucp_context.c:1969 UCX  WARN  UCP API version is incompatible: required >= 1.15, actual 1.14.0 (loaded from /opt/ohpc/pub/mpi/ucx-ohpc/1.14.0/lib/libucp.so.0)
[1779852897.145636] [trembesi41:2001356:0]     ucp_context.c:1969 UCX  WARN  UCP API version is incompatible: required >= 1.15, actual 1.14.0 (loaded from /opt/ohpc/pub/mpi/ucx-ohpc/1.14.0/lib/libucp.so.0)
[1779852897.146358] [trembesi41:2001373:0]     ucp_context.c:1969 UCX  WARN  UCP API version is incompatible: required >= 1.15, actual 1.14.0 (loaded from /opt/ohpc/pub/mpi/ucx-ohpc/1.14.0/lib/libucp.so.0)
[1779852897.148172] [trembesi41:2001329:0]     ucp_context.c:1969 UCX  WARN  UCP API version is incompatible: required >= 1.15, actual 1.14.0 (loaded from /opt/ohpc/pub/mpi/ucx-ohpc/1.14.0/lib/libucp.so.0)
[1779852897.149746] [trembesi41:2001338:0]     ucp_context.c:1969 UCX  WARN  UCP API version is incompatible: required >= 1.15, actual 1.14.0 (loaded from /opt/ohpc/pub/mpi/ucx-ohpc/1.14.0/lib/libucp.so.0)
[1779852897.150183] [trembesi41:2001360:0]     ucp_context.c:1969 UCX  WARN  UCP API version is incompatible: required >= 1.15, actual 1.14.0 (loaded from /opt/ohpc/pub/mpi/ucx-ohpc/1.14.0/lib/libucp.so.0)
[1779852897.152752] [trembesi41:2001367:0]     ucp_context.c:1969 UCX  WARN  UCP API version is incompatible: required >= 1.15, actual 1.14.0 (loaded from /opt/ohpc/pub/mpi/ucx-ohpc/1.14.0/lib/libucp.so.0)
[1779852897.157647] [trembesi41:2001375:0]     ucp_context.c:1969 UCX  WARN  UCP API version is incompatible: required >= 1.15, actual 1.14.0 (loaded from /opt/ohpc/pub/mpi/ucx-ohpc/1.14.0/lib/libucp.so.0)
[1779852897.169073] [trembesi41:2001348:0]     ucp_context.c:1969 UCX  WARN  UCP API version is incompatible: required >= 1.15, actual 1.14.0 (loaded from /opt/ohpc/pub/mpi/ucx-ohpc/1.14.0/lib/libucp.so.0)
[1779852897.173055] [trembesi41:2001385:0]     ucp_context.c:1969 UCX  WARN  UCP API version is incompatible: required >= 1.15, actual 1.14.0 (loaded from /opt/ohpc/pub/mpi/ucx-ohpc/1.14.0/lib/libucp.so.0)
[1779852897.180381] [trembesi41:2001343:0]     ucp_context.c:1969 UCX  WARN  UCP API version is incompatible: required >= 1.15, actual 1.14.0 (loaded from /opt/ohpc/pub/mpi/ucx-ohpc/1.14.0/lib/libucp.so.0)
[1779852897.181357] [trembesi41:2001383:0]     ucp_context.c:1969 UCX  WARN  UCP API version is incompatible: required >= 1.15, actual 1.14.0 (loaded from /opt/ohpc/pub/mpi/ucx-ohpc/1.14.0/lib/libucp.so.0)
[1779852897.182443] [trembesi41:2001357:0]     ucp_context.c:1969 UCX  WARN  UCP API version is incompatible: required >= 1.15, actual 1.14.0 (loaded from /opt/ohpc/pub/mpi/ucx-ohpc/1.14.0/lib/libucp.so.0)
[1779852897.183387] [trembesi41:2001372:0]     ucp_context.c:1969 UCX  WARN  UCP API version is incompatible: required >= 1.15, actual 1.14.0 (loaded from /opt/ohpc/pub/mpi/ucx-ohpc/1.14.0/lib/libucp.so.0)
[1779852897.184366] [trembesi41:2001384:0]     ucp_context.c:1969 UCX  WARN  UCP API version is incompatible: required >= 1.15, actual 1.14.0 (loaded from /opt/ohpc/pub/mpi/ucx-ohpc/1.14.0/lib/libucp.so.0)
[1779852897.186196] [trembesi41:2001331:0]     ucp_context.c:1969 UCX  WARN  UCP API version is incompatible: required >= 1.15, actual 1.14.0 (loaded from /opt/ohpc/pub/mpi/ucx-ohpc/1.14.0/lib/libucp.so.0)
[1779852897.188372] [trembesi41:2001387:0]     ucp_context.c:1969 UCX  WARN  UCP API version is incompatible: required >= 1.15, actual 1.14.0 (loaded from /opt/ohpc/pub/mpi/ucx-ohpc/1.14.0/lib/libucp.so.0)
[1779852897.192900] [trembesi41:2001352:0]     ucp_context.c:1969 UCX  WARN  UCP API version is incompatible: required >= 1.15, actual 1.14.0 (loaded from /opt/ohpc/pub/mpi/ucx-ohpc/1.14.0/lib/libucp.so.0)
[1779852897.193119] [trembesi41:2001355:0]     ucp_context.c:1969 UCX  WARN  UCP API version is incompatible: required >= 1.15, actual 1.14.0 (loaded from /opt/ohpc/pub/mpi/ucx-ohpc/1.14.0/lib/libucp.so.0)
[1779852897.195959] [trembesi41:2001376:0]     ucp_context.c:1969 UCX  WARN  UCP API version is incompatible: required >= 1.15, actual 1.14.0 (loaded from /opt/ohpc/pub/mpi/ucx-ohpc/1.14.0/lib/libucp.so.0)
[1779852897.200132] [trembesi41:2001364:0]     ucp_context.c:1969 UCX  WARN  UCP API version is incompatible: required >= 1.15, actual 1.14.0 (loaded from /opt/ohpc/pub/mpi/ucx-ohpc/1.14.0/lib/libucp.so.0)
[1779852897.205954] [trembesi41:2001365:0]     ucp_context.c:1969 UCX  WARN  UCP API version is incompatible: required >= 1.15, actual 1.14.0 (loaded from /opt/ohpc/pub/mpi/ucx-ohpc/1.14.0/lib/libucp.so.0)
[1779852897.206216] [trembesi41:2001341:0]     ucp_context.c:1969 UCX  WARN  UCP API version is incompatible: required >= 1.15, actual 1.14.0 (loaded from /opt/ohpc/pub/mpi/ucx-ohpc/1.14.0/lib/libucp.so.0)
[1779852897.206265] [trembesi41:2001366:0]     ucp_context.c:1969 UCX  WARN  UCP API version is incompatible: required >= 1.15, actual 1.14.0 (loaded from /opt/ohpc/pub/mpi/ucx-ohpc/1.14.0/lib/libucp.so.0)
[1779852897.208139] [trembesi41:2001330:0]     ucp_context.c:1969 UCX  WARN  UCP API version is incompatible: required >= 1.15, actual 1.14.0 (loaded from /opt/ohpc/pub/mpi/ucx-ohpc/1.14.0/lib/libucp.so.0)
[1779852897.208701] [trembesi41:2001342:0]     ucp_context.c:1969 UCX  WARN  UCP API version is incompatible: required >= 1.15, actual 1.14.0 (loaded from /opt/ohpc/pub/mpi/ucx-ohpc/1.14.0/lib/libucp.so.0)
[1779852897.208831] [trembesi41:2001361:0]     ucp_context.c:1969 UCX  WARN  UCP API version is incompatible: required >= 1.15, actual 1.14.0 (loaded from /opt/ohpc/pub/mpi/ucx-ohpc/1.14.0/lib/libucp.so.0)
[1779852897.208830] [trembesi41:2001368:0]     ucp_context.c:1969 UCX  WARN  UCP API version is incompatible: required >= 1.15, actual 1.14.0 (loaded from /opt/ohpc/pub/mpi/ucx-ohpc/1.14.0/lib/libucp.so.0)
[1779852897.208867] [trembesi41:2001370:0]     ucp_context.c:1969 UCX  WARN  UCP API version is incompatible: required >= 1.15, actual 1.14.0 (loaded from /opt/ohpc/pub/mpi/ucx-ohpc/1.14.0/lib/libucp.so.0)
[1779852897.213564] [trembesi41:2001327:0]     ucp_context.c:1969 UCX  WARN  UCP API version is incompatible: required >= 1.15, actual 1.14.0 (loaded from /opt/ohpc/pub/mpi/ucx-ohpc/1.14.0/lib/libucp.so.0)
[1779852897.220503] [trembesi41:2001347:0]     ucp_context.c:1969 UCX  WARN  UCP API version is incompatible: required >= 1.15, actual 1.14.0 (loaded from /opt/ohpc/pub/mpi/ucx-ohpc/1.14.0/lib/libucp.so.0)
[1779852898.379847] [trembesi41:2001349:0]     ucp_context.c:1969 UCX  WARN  UCP API version is incompatible: required >= 1.15, actual 1.14.0 (loaded from /opt/ohpc/pub/mpi/ucx-ohpc/1.14.0/lib/libucp.so.0)
[1779852898.379853] [trembesi41:2001386:0]     ucp_context.c:1969 UCX  WARN  UCP API version is incompatible: required >= 1.15, actual 1.14.0 (loaded from /opt/ohpc/pub/mpi/ucx-ohpc/1.14.0/lib/libucp.so.0)
[1779852898.379848] [trembesi41:2001342:0]     ucp_context.c:1969 UCX  WARN  UCP API version is incompatible: required >= 1.15, actual 1.14.0 (loaded from /opt/ohpc/pub/mpi/ucx-ohpc/1.14.0/lib/libucp.so.0)
[1779852898.379910] [trembesi41:2001380:0]     ucp_context.c:1969 UCX  WARN  UCP API version is incompatible: required >= 1.15, actual 1.14.0 (loaded from /opt/ohpc/pub/mpi/ucx-ohpc/1.14.0/lib/libucp.so.0)
[1779852898.379902] [trembesi41:2001333:0]     ucp_context.c:1969 UCX  WARN  UCP API version is incompatible: required >= 1.15, actual 1.14.0 (loaded from /opt/ohpc/pub/mpi/ucx-ohpc/1.14.0/lib/libucp.so.0)
[1779852898.379939] [trembesi41:2001337:0]     ucp_context.c:1969 UCX  WARN  UCP API version is incompatible: required >= 1.15, actual 1.14.0 (loaded from /opt/ohpc/pub/mpi/ucx-ohpc/1.14.0/lib/libucp.so.0)
[1779852898.379895] [trembesi41:2001358:0]     ucp_context.c:1969 UCX  WARN  UCP API version is incompatible: required >= 1.15, actual 1.14.0 (loaded from /opt/ohpc/pub/mpi/ucx-ohpc/1.14.0/lib/libucp.so.0)
[1779852898.379953] [trembesi41:2001335:0]     ucp_context.c:1969 UCX  WARN  UCP API version is incompatible: required >= 1.15, actual 1.14.0 (loaded from /opt/ohpc/pub/mpi/ucx-ohpc/1.14.0/lib/libucp.so.0)
[1779852898.380036] [trembesi41:2001382:0]     ucp_context.c:1969 UCX  WARN  UCP API version is incompatible: required >= 1.15, actual 1.14.0 (loaded from /opt/ohpc/pub/mpi/ucx-ohpc/1.14.0/lib/libucp.so.0)
[1779852898.379997] [trembesi41:2001351:0]     ucp_context.c:1969 UCX  WARN  UCP API version is incompatible: required >= 1.15, actual 1.14.0 (loaded from /opt/ohpc/pub/mpi/ucx-ohpc/1.14.0/lib/libucp.so.0)
[1779852898.380071] [trembesi41:2001360:0]     ucp_context.c:1969 UCX  WARN  UCP API version is incompatible: required >= 1.15, actual 1.14.0 (loaded from /opt/ohpc/pub/mpi/ucx-ohpc/1.14.0/lib/libucp.so.0)
[1779852898.380056] [trembesi41:2001363:0]     ucp_context.c:1969 UCX  WARN  UCP API version is incompatible: required >= 1.15, actual 1.14.0 (loaded from /opt/ohpc/pub/mpi/ucx-ohpc/1.14.0/lib/libucp.so.0)
[1779852898.380074] [trembesi41:2001350:0]     ucp_context.c:1969 UCX  WARN  UCP API version is incompatible: required >= 1.15, actual 1.14.0 (loaded from /opt/ohpc/pub/mpi/ucx-ohpc/1.14.0/lib/libucp.so.0)
[1779852898.379989] [trembesi41:2001362:0]     ucp_context.c:1969 UCX  WARN  UCP API version is incompatible: required >= 1.15, actual 1.14.0 (loaded from /opt/ohpc/pub/mpi/ucx-ohpc/1.14.0/lib/libucp.so.0)
[1779852898.380083] [trembesi41:2001381:0]     ucp_context.c:1969 UCX  WARN  UCP API version is incompatible: required >= 1.15, actual 1.14.0 (loaded from /opt/ohpc/pub/mpi/ucx-ohpc/1.14.0/lib/libucp.so.0)
[1779852898.380125] [trembesi41:2001340:0]     ucp_context.c:1969 UCX  WARN  UCP API version is incompatible: required >= 1.15, actual 1.14.0 (loaded from /opt/ohpc/pub/mpi/ucx-ohpc/1.14.0/lib/libucp.so.0)
[1779852898.380080] [trembesi41:2001339:0]     ucp_context.c:1969 UCX  WARN  UCP API version is incompatible: required >= 1.15, actual 1.14.0 (loaded from /opt/ohpc/pub/mpi/ucx-ohpc/1.14.0/lib/libucp.so.0)
[1779852898.380143] [trembesi41:2001389:0]     ucp_context.c:1969 UCX  WARN  UCP API version is incompatible: required >= 1.15, actual 1.14.0 (loaded from /opt/ohpc/pub/mpi/ucx-ohpc/1.14.0/lib/libucp.so.0)
[1779852898.380167] [trembesi41:2001384:0]     ucp_context.c:1969 UCX  WARN  UCP API version is incompatible: required >= 1.15, actual 1.14.0 (loaded from /opt/ohpc/pub/mpi/ucx-ohpc/1.14.0/lib/libucp.so.0)
[1779852898.380256] [trembesi41:2001378:0]     ucp_context.c:1969 UCX  WARN  UCP API version is incompatible: required >= 1.15, actual 1.14.0 (loaded from /opt/ohpc/pub/mpi/ucx-ohpc/1.14.0/lib/libucp.so.0)
[1779852898.380296] [trembesi41:2001354:0]     ucp_context.c:1969 UCX  WARN  UCP API version is incompatible: required >= 1.15, actual 1.14.0 (loaded from /opt/ohpc/pub/mpi/ucx-ohpc/1.14.0/lib/libucp.so.0)
[1779852898.380338] [trembesi41:2001383:0]     ucp_context.c:1969 UCX  WARN  UCP API version is incompatible: required >= 1.15, actual 1.14.0 (loaded from /opt/ohpc/pub/mpi/ucx-ohpc/1.14.0/lib/libucp.so.0)
[1779852898.380375] [trembesi41:2001374:0]     ucp_context.c:1969 UCX  WARN  UCP API version is incompatible: required >= 1.15, actual 1.14.0 (loaded from /opt/ohpc/pub/mpi/ucx-ohpc/1.14.0/lib/libucp.so.0)
[1779852898.380394] [trembesi41:2001334:0]     ucp_context.c:1969 UCX  WARN  UCP API version is incompatible: required >= 1.15, actual 1.14.0 (loaded from /opt/ohpc/pub/mpi/ucx-ohpc/1.14.0/lib/libucp.so.0)
[1779852898.380388] [trembesi41:2001353:0]     ucp_context.c:1969 UCX  WARN  UCP API version is incompatible: required >= 1.15, actual 1.14.0 (loaded from /opt/ohpc/pub/mpi/ucx-ohpc/1.14.0/lib/libucp.so.0)
[1779852898.380403] [trembesi41:2001373:0]     ucp_context.c:1969 UCX  WARN  UCP API version is incompatible: required >= 1.15, actual 1.14.0 (loaded from /opt/ohpc/pub/mpi/ucx-ohpc/1.14.0/lib/libucp.so.0)
[1779852898.380422] [trembesi41:2001377:0]     ucp_context.c:1969 UCX  WARN  UCP API version is incompatible: required >= 1.15, actual 1.14.0 (loaded from /opt/ohpc/pub/mpi/ucx-ohpc/1.14.0/lib/libucp.so.0)
[1779852898.380409] [trembesi41:2001390:0]     ucp_context.c:1969 UCX  WARN  UCP API version is incompatible: required >= 1.15, actual 1.14.0 (loaded from /opt/ohpc/pub/mpi/ucx-ohpc/1.14.0/lib/libucp.so.0)
[1779852898.380435] [trembesi41:2001385:0]     ucp_context.c:1969 UCX  WARN  UCP API version is incompatible: required >= 1.15, actual 1.14.0 (loaded from /opt/ohpc/pub/mpi/ucx-ohpc/1.14.0/lib/libucp.so.0)
[1779852898.380449] [trembesi41:2001376:0]     ucp_context.c:1969 UCX  WARN  UCP API version is incompatible: required >= 1.15, actual 1.14.0 (loaded from /opt/ohpc/pub/mpi/ucx-ohpc/1.14.0/lib/libucp.so.0)
[1779852898.380457] [trembesi41:2001346:0]     ucp_context.c:1969 UCX  WARN  UCP API version is incompatible: required >= 1.15, actual 1.14.0 (loaded from /opt/ohpc/pub/mpi/ucx-ohpc/1.14.0/lib/libucp.so.0)
[1779852898.380481] [trembesi41:2001336:0]     ucp_context.c:1969 UCX  WARN  UCP API version is incompatible: required >= 1.15, actual 1.14.0 (loaded from /opt/ohpc/pub/mpi/ucx-ohpc/1.14.0/lib/libucp.so.0)
[1779852898.380466] [trembesi41:2001338:0]     ucp_context.c:1969 UCX  WARN  UCP API version is incompatible: required >= 1.15, actual 1.14.0 (loaded from /opt/ohpc/pub/mpi/ucx-ohpc/1.14.0/lib/libucp.so.0)
[1779852898.380520] [trembesi41:2001345:0]     ucp_context.c:1969 UCX  WARN  UCP API version is incompatible: required >= 1.15, actual 1.14.0 (loaded from /opt/ohpc/pub/mpi/ucx-ohpc/1.14.0/lib/libucp.so.0)
[1779852898.380521] [trembesi41:2001327:0]     ucp_context.c:1969 UCX  WARN  UCP API version is incompatible: required >= 1.15, actual 1.14.0 (loaded from /opt/ohpc/pub/mpi/ucx-ohpc/1.14.0/lib/libucp.so.0)
[1779852898.380513] [trembesi41:2001369:0]     ucp_context.c:1969 UCX  WARN  UCP API version is incompatible: required >= 1.15, actual 1.14.0 (loaded from /opt/ohpc/pub/mpi/ucx-ohpc/1.14.0/lib/libucp.so.0)
[1779852898.380510] [trembesi41:2001357:0]     ucp_context.c:1969 UCX  WARN  UCP API version is incompatible: required >= 1.15, actual 1.14.0 (loaded from /opt/ohpc/pub/mpi/ucx-ohpc/1.14.0/lib/libucp.so.0)
[1779852898.380511] [trembesi41:2001371:0]     ucp_context.c:1969 UCX  WARN  UCP API version is incompatible: required >= 1.15, actual 1.14.0 (loaded from /opt/ohpc/pub/mpi/ucx-ohpc/1.14.0/lib/libucp.so.0)
[1779852898.380501] [trembesi41:2001348:0]     ucp_context.c:1969 UCX  WARN  UCP API version is incompatible: required >= 1.15, actual 1.14.0 (loaded from /opt/ohpc/pub/mpi/ucx-ohpc/1.14.0/lib/libucp.so.0)
[1779852898.380548] [trembesi41:2001375:0]     ucp_context.c:1969 UCX  WARN  UCP API version is incompatible: required >= 1.15, actual 1.14.0 (loaded from /opt/ohpc/pub/mpi/ucx-ohpc/1.14.0/lib/libucp.so.0)
[1779852898.380564] [trembesi41:2001379:0]     ucp_context.c:1969 UCX  WARN  UCP API version is incompatible: required >= 1.15, actual 1.14.0 (loaded from /opt/ohpc/pub/mpi/ucx-ohpc/1.14.0/lib/libucp.so.0)
[1779852898.380565] [trembesi41:2001359:0]     ucp_context.c:1969 UCX  WARN  UCP API version is incompatible: required >= 1.15, actual 1.14.0 (loaded from /opt/ohpc/pub/mpi/ucx-ohpc/1.14.0/lib/libucp.so.0)
[1779852898.380589] [trembesi41:2001344:0]     ucp_context.c:1969 UCX  WARN  UCP API version is incompatible: required >= 1.15, actual 1.14.0 (loaded from /opt/ohpc/pub/mpi/ucx-ohpc/1.14.0/lib/libucp.so.0)
[1779852898.380613] [trembesi41:2001364:0]     ucp_context.c:1969 UCX  WARN  UCP API version is incompatible: required >= 1.15, actual 1.14.0 (loaded from /opt/ohpc/pub/mpi/ucx-ohpc/1.14.0/lib/libucp.so.0)
[1779852898.380615] [trembesi41:2001341:0]     ucp_context.c:1969 UCX  WARN  UCP API version is incompatible: required >= 1.15, actual 1.14.0 (loaded from /opt/ohpc/pub/mpi/ucx-ohpc/1.14.0/lib/libucp.so.0)
[1779852898.380592] [trembesi41:2001361:0]     ucp_context.c:1969 UCX  WARN  UCP API version is incompatible: required >= 1.15, actual 1.14.0 (loaded from /opt/ohpc/pub/mpi/ucx-ohpc/1.14.0/lib/libucp.so.0)
[1779852898.380609] [trembesi41:2001328:0]     ucp_context.c:1969 UCX  WARN  UCP API version is incompatible: required >= 1.15, actual 1.14.0 (loaded from /opt/ohpc/pub/mpi/ucx-ohpc/1.14.0/lib/libucp.so.0)
[1779852898.380617] [trembesi41:2001372:0]     ucp_context.c:1969 UCX  WARN  UCP API version is incompatible: required >= 1.15, actual 1.14.0 (loaded from /opt/ohpc/pub/mpi/ucx-ohpc/1.14.0/lib/libucp.so.0)
[1779852898.380670] [trembesi41:2001370:0]     ucp_context.c:1969 UCX  WARN  UCP API version is incompatible: required >= 1.15, actual 1.14.0 (loaded from /opt/ohpc/pub/mpi/ucx-ohpc/1.14.0/lib/libucp.so.0)
[1779852898.380674] [trembesi41:2001366:0]     ucp_context.c:1969 UCX  WARN  UCP API version is incompatible: required >= 1.15, actual 1.14.0 (loaded from /opt/ohpc/pub/mpi/ucx-ohpc/1.14.0/lib/libucp.so.0)
[1779852898.380614] [trembesi41:2001347:0]     ucp_context.c:1969 UCX  WARN  UCP API version is incompatible: required >= 1.15, actual 1.14.0 (loaded from /opt/ohpc/pub/mpi/ucx-ohpc/1.14.0/lib/libucp.so.0)
[1779852898.380632] [trembesi41:2001329:0]     ucp_context.c:1969 UCX  WARN  UCP API version is incompatible: required >= 1.15, actual 1.14.0 (loaded from /opt/ohpc/pub/mpi/ucx-ohpc/1.14.0/lib/libucp.so.0)
[1779852898.380628] [trembesi41:2001330:0]     ucp_context.c:1969 UCX  WARN  UCP API version is incompatible: required >= 1.15, actual 1.14.0 (loaded from /opt/ohpc/pub/mpi/ucx-ohpc/1.14.0/lib/libucp.so.0)
[1779852898.380669] [trembesi41:2001387:0]     ucp_context.c:1969 UCX  WARN  UCP API version is incompatible: required >= 1.15, actual 1.14.0 (loaded from /opt/ohpc/pub/mpi/ucx-ohpc/1.14.0/lib/libucp.so.0)
[1779852898.380650] [trembesi41:2001352:0]     ucp_context.c:1969 UCX  WARN  UCP API version is incompatible: required >= 1.15, actual 1.14.0 (loaded from /opt/ohpc/pub/mpi/ucx-ohpc/1.14.0/lib/libucp.so.0)
[1779852898.380652] [trembesi41:2001368:0]     ucp_context.c:1969 UCX  WARN  UCP API version is incompatible: required >= 1.15, actual 1.14.0 (loaded from /opt/ohpc/pub/mpi/ucx-ohpc/1.14.0/lib/libucp.so.0)
[1779852898.380667] [trembesi41:2001356:0]     ucp_context.c:1969 UCX  WARN  UCP API version is incompatible: required >= 1.15, actual 1.14.0 (loaded from /opt/ohpc/pub/mpi/ucx-ohpc/1.14.0/lib/libucp.so.0)
[1779852898.380675] [trembesi41:2001367:0]     ucp_context.c:1969 UCX  WARN  UCP API version is incompatible: required >= 1.15, actual 1.14.0 (loaded from /opt/ohpc/pub/mpi/ucx-ohpc/1.14.0/lib/libucp.so.0)
[1779852898.380677] [trembesi41:2001355:0]     ucp_context.c:1969 UCX  WARN  UCP API version is incompatible: required >= 1.15, actual 1.14.0 (loaded from /opt/ohpc/pub/mpi/ucx-ohpc/1.14.0/lib/libucp.so.0)
[1779852898.380669] [trembesi41:2001332:0]     ucp_context.c:1969 UCX  WARN  UCP API version is incompatible: required >= 1.15, actual 1.14.0 (loaded from /opt/ohpc/pub/mpi/ucx-ohpc/1.14.0/lib/libucp.so.0)
[1779852898.380659] [trembesi41:2001331:0]     ucp_context.c:1969 UCX  WARN  UCP API version is incompatible: required >= 1.15, actual 1.14.0 (loaded from /opt/ohpc/pub/mpi/ucx-ohpc/1.14.0/lib/libucp.so.0)
[1779852898.380654] [trembesi41:2001343:0]     ucp_context.c:1969 UCX  WARN  UCP API version is incompatible: required >= 1.15, actual 1.14.0 (loaded from /opt/ohpc/pub/mpi/ucx-ohpc/1.14.0/lib/libucp.so.0)
[1779852898.380706] [trembesi41:2001388:0]     ucp_context.c:1969 UCX  WARN  UCP API version is incompatible: required >= 1.15, actual 1.14.0 (loaded from /opt/ohpc/pub/mpi/ucx-ohpc/1.14.0/lib/libucp.so.0)
[1779852898.380761] [trembesi41:2001365:0]     ucp_context.c:1969 UCX  WARN  UCP API version is incompatible: required >= 1.15, actual 1.14.0 (loaded from /opt/ohpc/pub/mpi/ucx-ohpc/1.14.0/lib/libucp.so.0)

     Program PWSCF v.7.2 starts on 27May2026 at 10:34:58 

     This program is part of the open-source Quantum ESPRESSO suite
     for quantum simulation of materials; please cite
         "P. Giannozzi et al., J. Phys.:Condens. Matter 21 395502 (2009);
         "P. Giannozzi et al., J. Phys.:Condens. Matter 29 465901 (2017);
         "P. Giannozzi et al., J. Chem. Phys. 152 154105 (2020);
          URL http://www.quantum-espresso.org", 
     in publications or presentations arising from this work. More details at
     http://www.quantum-espresso.org/quote

     Parallel version (MPI), running on    64 processors

     MPI processes distributed on     1 nodes
     228845 MiB available memory on the printing compute node when the environment starts

     Reading input from disp_001_atom1_+1x.in

     Current dimensions of program PWSCF are:
     Max number of different atomic species (ntypx) = 10
     Max number of k-points (npk) =  40000
     Max angular momentum in pseudopotentials (lmaxx) =  4
     file H.pbesol-kjpaw_psl.0.1.UPF: wavefunction(s)  1S renormalized

     gamma-point specific algorithms are used
     Message from routine setup:
     using ibrav=0 with symmetry is DISCOURAGED, use correct ibrav instead

     R & G space division:  proc/nbgrp/npool/nimage =      64
     Subspace diagonalization in iterative solution of the eigenvalue problem:
     a serial algorithm will be used


     Parallelization info
     --------------------
     sticks:   dense  smooth     PW     G-vecs:    dense   smooth      PW
     Min         567     284     69                81548    28832    3594
     Max         570     286     72                81558    28844    3612
     Sum       36381   18197   4537              5219483  1845573  230389

     Using Slab Decomposition



     bravais-lattice index     =            0
     lattice parameter (alat)  =      37.7945  a.u.
     unit-cell volume          =   53986.6760 (a.u.)^3
     number of atoms/cell      =            2
     number of atomic types    =            1
     number of electrons       =         2.00 (up:   1.00, down:   1.00)
     number of Kohn-Sham states=            1
     kinetic-energy cutoff     =      40.0000  Ry
     charge density cutoff     =     320.0000  Ry
     scf convergence threshold =      1.0E-10
     mixing beta               =       0.3000
     number of iterations used =            8  local-TF  mixing
     Exchange-correlation= SLA  PW   PSX  PSC
                           (   1   4  10   8   0   0   0)

     celldm(1)=  37.794522  celldm(2)=   0.000000  celldm(3)=   0.000000
     celldm(4)=   0.000000  celldm(5)=   0.000000  celldm(6)=   0.000000

     crystal axes: (cart. coord. in units of alat)
               a(1) = (   1.000000   0.000000   0.000000 )  
               a(2) = (   0.000000   1.000000   0.000000 )  
               a(3) = (   0.000000   0.000000   1.000000 )  

     reciprocal axes: (cart. coord. in units 2 pi/alat)
               b(1) = (  1.000000  0.000000  0.000000 )  
               b(2) = (  0.000000  1.000000  0.000000 )  
               b(3) = (  0.000000  0.000000  1.000000 )  


     PseudoPot. # 1 for H  read from file:
     /mgpfs/home/lala002/pseudo/H.pbesol-kjpaw_psl.0.1.UPF
     MD5 check sum: 27a6b98f1514c59d399e798f1258b8b7
     Pseudo is Projector augmented-wave, Zval =  1.0
     Generated using "atomic" code by A. Dal Corso  v.5.0.2 svn rev. 9415
     Shape of augmentation charge: PSQ
     Using radial grid of  929 points,  2 beta functions with: 
                l(1) =   0
                l(2) =   0
     Q(r) pseudized with 0 coefficients 


     atomic species   valence    mass     pseudopotential
        H              1.00     1.00794     H ( 1.00)

     Starting magnetic structure 
     atomic species   magnetization
        H            0.000

      8 Sym. Ops. (no inversion) found



   Cartesian axes

     site n.     atom                  positions (alat units)
         1           H   tau(   1) = (   0.0010000   0.0000000   0.0000000  )
         2           H   tau(   2) = (   0.0380000   0.0000000   0.0000000  )

     --------------------------------------------
     DFT-D3 Dispersion Correction (3-body terms):
     --------------------------------------------
       Reference C6 values for interpolation: 

         atom   Coordination number   C6
         H          0.912             6.05
         H          0.000            15.18

       Values used:

         atom   Coordination number  R0_AB[au]  C6      C8
         H          0.921            2.062      6.28     75.90
         H          0.921            2.062      6.28     75.90

         Molecular C6 ( Ry / a.u.^6 ) =        25.12


     number of k points=     1
                       cart. coord. in units 2pi/alat
        k(    1) = (   0.0000000   0.0000000   0.0000000), wk =   1.0000000

     Dense  grid:  2609742 G-vectors     FFT dimensions: ( 216, 216, 216)

     Smooth grid:   922787 G-vectors     FFT dimensions: ( 160, 160, 160)

     Estimated max dynamical RAM per process >      66.75 MB

     Estimated total dynamical RAM >       4.17 GB
     Generating pointlists ...
     new r_m :   0.0153 (alat units)  0.5768 (a.u.) for type    1

     Initial potential from superposition of free atoms

     starting charge       2.0000, renormalised to       2.0000

     negative rho (up, down):  8.102E-05 8.102E-05
     Starting wfcs are    2 randomized atomic wfcs
     Checking if some PAW data can be deallocated... 

     total cpu time spent up to now is        3.3 secs

     Self-consistent Calculation

     iteration #  1     ecut=    40.00 Ry     beta= 0.30
     Davidson diagonalization with overlap
     ethr =  1.00E-02,  avg # of iterations =  2.0

     negative rho (up, down):  1.768E-08 1.769E-08

     total cpu time spent up to now is       11.1 secs

     total energy              =      -2.32871197 Ry
     estimated scf accuracy    <       0.12009224 Ry

     total magnetization       =    -0.00 Bohr mag/cell
     absolute magnetization    =     0.00 Bohr mag/cell

     iteration #  2     ecut=    40.00 Ry     beta= 0.30
     Davidson diagonalization with overlap
     ethr =  6.00E-03,  avg # of iterations =  1.0

     negative rho (up, down):  4.347E-06 4.348E-06

     total cpu time spent up to now is       16.5 secs

     total energy              =      -2.28780612 Ry
     estimated scf accuracy    <       0.07678439 Ry

     total magnetization       =     0.00 Bohr mag/cell
     absolute magnetization    =     0.00 Bohr mag/cell

     iteration #  3     ecut=    40.00 Ry     beta= 0.30
     Davidson diagonalization with overlap
     ethr =  3.84E-03,  avg # of iterations =  1.0

     negative rho (up, down):  3.087E-03 3.088E-03

     total cpu time spent up to now is       23.4 secs

     total energy              =      -2.29712837 Ry
     estimated scf accuracy    <       0.00522585 Ry

     total magnetization       =    -0.00 Bohr mag/cell
     absolute magnetization    =     0.00 Bohr mag/cell

     iteration #  4     ecut=    40.00 Ry     beta= 0.30
     Davidson diagonalization with overlap
     ethr =  2.61E-04,  avg # of iterations =  1.0

     negative rho (up, down):  3.682E-03 3.684E-03

     total cpu time spent up to now is       29.9 secs

     total energy              =      -2.29644199 Ry
     estimated scf accuracy    <       0.00914275 Ry

     total magnetization       =     0.00 Bohr mag/cell
     absolute magnetization    =     0.00 Bohr mag/cell

     iteration #  5     ecut=    40.00 Ry     beta= 0.30
     Davidson diagonalization with overlap
     ethr =  2.61E-04,  avg # of iterations =  1.0

     negative rho (up, down):  1.162E-02 1.162E-02

     total cpu time spent up to now is       36.0 secs

     total energy              =      -2.29326042 Ry
     estimated scf accuracy    <       0.00680856 Ry

     total magnetization       =     0.00 Bohr mag/cell
     absolute magnetization    =     0.00 Bohr mag/cell

     iteration #  6     ecut=    40.00 Ry     beta= 0.30
     Davidson diagonalization with overlap
     ethr =  2.61E-04,  avg # of iterations =  2.0

     negative rho (up, down):  1.710E-02 1.710E-02

     total cpu time spent up to now is       41.9 secs

     total energy              =      -2.29402970 Ry
     estimated scf accuracy    <       0.00027020 Ry

     total magnetization       =     0.00 Bohr mag/cell
     absolute magnetization    =     0.00 Bohr mag/cell

     iteration #  7     ecut=    40.00 Ry     beta= 0.30
     Davidson diagonalization with overlap
     ethr =  1.35E-05,  avg # of iterations =  2.0

     negative rho (up, down):  5.226E-03 5.226E-03

     total cpu time spent up to now is       48.6 secs

     total energy              =      -2.29373611 Ry
     estimated scf accuracy    <       0.00027578 Ry

     total magnetization       =     0.00 Bohr mag/cell
     absolute magnetization    =     0.00 Bohr mag/cell

     iteration #  8     ecut=    40.00 Ry     beta= 0.30
     Davidson diagonalization with overlap
     ethr =  1.35E-05,  avg # of iterations =  2.0

     negative rho (up, down):  1.931E-03 1.931E-03

     total cpu time spent up to now is       55.5 secs

     total energy              =      -2.29393000 Ry
     estimated scf accuracy    <       0.00007371 Ry

     total magnetization       =    -0.00 Bohr mag/cell
     absolute magnetization    =     0.00 Bohr mag/cell

     iteration #  9     ecut=    40.00 Ry     beta= 0.30
     Davidson diagonalization with overlap
     ethr =  3.69E-06,  avg # of iterations =  1.0

     negative rho (up, down):  9.094E-04 9.094E-04

     total cpu time spent up to now is       66.6 secs

     total energy              =      -2.29387773 Ry
     estimated scf accuracy    <       0.00010319 Ry

     total magnetization       =     0.00 Bohr mag/cell
     absolute magnetization    =     0.00 Bohr mag/cell

     iteration # 10     ecut=    40.00 Ry     beta= 0.30
     Davidson diagonalization with overlap
     ethr =  3.69E-06,  avg # of iterations =  2.0

     negative rho (up, down):  1.880E-04 1.880E-04

     total cpu time spent up to now is       74.5 secs

     total energy              =      -2.29389700 Ry
     estimated scf accuracy    <       0.00000583 Ry

     total magnetization       =     0.00 Bohr mag/cell
     absolute magnetization    =     0.00 Bohr mag/cell

     iteration # 11     ecut=    40.00 Ry     beta= 0.30
     Davidson diagonalization with overlap
     ethr =  2.91E-07,  avg # of iterations =  1.0

     negative rho (up, down):  1.536E-04 1.536E-04

     total cpu time spent up to now is       81.0 secs

     total energy              =      -2.29389755 Ry
     estimated scf accuracy    <       0.00000011 Ry

     total magnetization       =     0.00 Bohr mag/cell
     absolute magnetization    =     0.00 Bohr mag/cell

     iteration # 12     ecut=    40.00 Ry     beta= 0.30
     Davidson diagonalization with overlap
     ethr =  5.48E-09,  avg # of iterations =  2.0

     negative rho (up, down):  1.100E-04 1.100E-04

     total cpu time spent up to now is       88.0 secs

     total energy              =      -2.29389822 Ry
     estimated scf accuracy    <          8.4E-10 Ry

     total magnetization       =     0.00 Bohr mag/cell
     absolute magnetization    =     0.00 Bohr mag/cell

     iteration # 13     ecut=    40.00 Ry     beta= 0.30
     Davidson diagonalization with overlap
     ethr =  4.22E-11,  avg # of iterations =  3.0

     negative rho (up, down):  1.109E-04 1.109E-04

     total cpu time spent up to now is       93.8 secs

     total energy              =      -2.29389819 Ry
     estimated scf accuracy    <       0.00000002 Ry

     total magnetization       =     0.00 Bohr mag/cell
     absolute magnetization    =     0.00 Bohr mag/cell

     iteration # 14     ecut=    40.00 Ry     beta= 0.30
     Davidson diagonalization with overlap
     ethr =  4.22E-11,  avg # of iterations =  3.0

     negative rho (up, down):  1.100E-04 1.100E-04

     Magnetic moment per site  (integrated on atomic sphere of radius R)
     atom   1 (R=0.015)  charge=  0.2050  magn= -0.0000
     atom   2 (R=0.015)  charge=  0.2059  magn=  0.0000

     total cpu time spent up to now is       94.3 secs

     End of self-consistent calculation

 ------ SPIN UP ------------


          k = 0.0000 0.0000 0.0000 (115195 PWs)   bands (ev):

   -10.2271

 ------ SPIN DOWN ----------


          k = 0.0000 0.0000 0.0000 (115195 PWs)   bands (ev):

   -10.2271

     highest occupied level (ev):   -10.2271

!    total energy              =      -2.29389819 Ry
     total all-electron energy =        -2.294030 Ry
     estimated scf accuracy    <          3.9E-12 Ry

     The total energy is the sum of the following terms:
     one-electron contribution =      -4.40326761 Ry
     hartree contribution      =       2.31429725 Ry
     xc contribution           =      -1.33490584 Ry
     ewald contribution        =       1.13007408 Ry
     DFT-D3 Dispersion         =      -0.00004715 Ry
     one-center paw contrib.   =      -0.00004893 Ry

     total magnetization       =     0.00 Bohr mag/cell
     absolute magnetization    =     0.00 Bohr mag/cell

     charge density inside the Wigner-Seitz cell:    2.00000000

     reference position (x0):         0.73699319    0.00000000    0.00000000 bohr

     Dipole moments (with respect to x0):
     Elect  -0.0000   0.0000   0.0000 au (Ha),  -0.0000   0.0000   0.0000 Debye
     Ionic   0.0000   0.0000   0.0000 au (Ha),   0.0000   0.0000   0.0000 Debye
     Total  -0.0000   0.0000   0.0000 au (Ha),  -0.0000   0.0000   0.0000 Debye

     Electrons quadrupole moment         -5.30242574 a.u. (Ha)
          Ions quadrupole moment          0.97775755 a.u. (Ha)
         Total quadrupole moment         -4.32466819 a.u. (Ha)

     *********    MAKOV-PAYNE CORRECTION    *********

     Makov-Payne correction with Madelung constant =   2.8373

     Makov-Payne correction     0.00000000 Ry =  0.000 eV (1st order, 1/a0)
                                0.00000000 Ry =  0.000 eV (2nd order, 1/a0^3)
                                0.00000000 Ry =  0.000 eV (total)

!    Total+Makov-Payne energy  =      -2.29389819 Ry
     Corrected vacuum level    =       0.00456661 eV

     convergence has been achieved in  14 iterations

     Forces acting on atoms (cartesian axes, Ry/au):

     atom    1 type  1   force =    -0.02647459    0.00000000    0.00000000
     atom    2 type  1   force =     0.02647459    0.00000000    0.00000000
     The non-local contrib.  to forces
     atom    1 type  1   force =     0.06956817    0.00000000    0.00000000
     atom    2 type  1   force =    -0.06956803    0.00000000    0.00000000
     The ionic contribution  to forces
     atom    1 type  1   force =    -1.02253055    0.00000000   -0.00000000
     atom    2 type  1   force =     1.02253055   -0.00000000   -0.00000000
     The local contribution  to forces
     atom    1 type  1   force =     0.92649959   -0.00000000    0.00000002
     atom    2 type  1   force =    -0.92649972   -0.00000000    0.00000002
     The core correction contribution to forces
     atom    1 type  1   force =     0.00000000    0.00000000    0.00000000
     atom    2 type  1   force =     0.00000000    0.00000000    0.00000000
     The Hubbard contrib.    to forces
     atom    1 type  1   force =     0.00000000    0.00000000    0.00000000
     atom    2 type  1   force =     0.00000000    0.00000000    0.00000000
     The SCF correction term to forces
     atom    1 type  1   force =    -0.00000017   -0.00000003    0.00000000
     atom    2 type  1   force =     0.00000012   -0.00000001   -0.00000001

     DFT-D3 dispersion contribution to forces:
     atom    1 type  1   force =    -0.00001166    0.00000000    0.00000000
     atom    2 type  1   force =     0.00001166   -0.00000000   -0.00000000

     Total force =     0.037441     Total SCF correction =     0.000000

     Writing all to output data dir ./H2.save/

     init_run     :      2.46s CPU      3.16s WALL (       1 calls)
     electrons    :     81.70s CPU     91.34s WALL (       1 calls)
     forces       :      0.25s CPU      0.33s WALL (       1 calls)
     force_dftd3  :      0.00s CPU      0.00s WALL (       1 calls)

     Called by init_run:
     wfcinit      :      0.01s CPU      0.06s WALL (       1 calls)
     potinit      :      1.05s CPU      1.49s WALL (       1 calls)
     hinit0       :      0.17s CPU      0.34s WALL (       1 calls)

     Called by electrons:
     c_bands      :      0.43s CPU      0.45s WALL (      14 calls)
     sum_band     :      0.54s CPU      0.58s WALL (      14 calls)
     v_of_rho     :      6.63s CPU      7.87s WALL (      15 calls)
     newd         :      0.66s CPU      0.71s WALL (      15 calls)
     PAW_pot      :      0.09s CPU      0.09s WALL (      15 calls)
     mix_rho      :     72.94s CPU     81.34s WALL (      14 calls)
     energy_dftd3 :      0.00s CPU      0.00s WALL (       1 calls)

     Called by c_bands:
     init_us_2    :      0.01s CPU      0.01s WALL (      60 calls)
     init_us_2:cp :      0.01s CPU      0.01s WALL (      60 calls)
     regterg      :      0.42s CPU      0.44s WALL (      28 calls)

     Called by *egterg:
     rdiaghg      :      0.00s CPU      0.00s WALL (      76 calls)
     h_psi        :      0.42s CPU      0.44s WALL (      78 calls)
     s_psi        :      0.00s CPU      0.00s WALL (      78 calls)
     g_psi        :      0.00s CPU      0.00s WALL (      48 calls)

     Called by h_psi:
     h_psi:calbec :      0.01s CPU      0.01s WALL (      78 calls)
     vloc_psi     :      0.41s CPU      0.43s WALL (      78 calls)
     add_vuspsi   :      0.00s CPU      0.00s WALL (      78 calls)

     General routines
     calbec       :      0.02s CPU      0.02s WALL (     114 calls)
     fft          :      4.98s CPU      6.56s WALL (     271 calls)
     ffts         :     45.14s CPU     53.28s WALL (   15499 calls)
     fftw         :      0.40s CPU      0.43s WALL (     184 calls)
     interpolate  :      0.93s CPU      0.99s WALL (      30 calls)

     Parallel routines

     PWSCF        :   1m24.61s CPU   1m35.55s WALL


   This run was terminated on:  10:36:34  27May2026            

=------------------------------------------------------------------------------=
   JOB DONE.
=------------------------------------------------------------------------------=
