[1779853335.857972] [trembesi37:726696:0]     ucp_context.c:1969 UCX  WARN  UCP API version is incompatible: required >= 1.15, actual 1.14.0 (loaded from /opt/ohpc/pub/mpi/ucx-ohpc/1.14.0/lib/libucp.so.0)
[1779853335.857977] [trembesi37:726750:0]     ucp_context.c:1969 UCX  WARN  UCP API version is incompatible: required >= 1.15, actual 1.14.0 (loaded from /opt/ohpc/pub/mpi/ucx-ohpc/1.14.0/lib/libucp.so.0)
[1779853335.857962] [trembesi37:726802:0]     ucp_context.c:1969 UCX  WARN  UCP API version is incompatible: required >= 1.15, actual 1.14.0 (loaded from /opt/ohpc/pub/mpi/ucx-ohpc/1.14.0/lib/libucp.so.0)
[1779853335.858503] [trembesi37:726825:0]     ucp_context.c:1969 UCX  WARN  UCP API version is incompatible: required >= 1.15, actual 1.14.0 (loaded from /opt/ohpc/pub/mpi/ucx-ohpc/1.14.0/lib/libucp.so.0)
[1779853335.859708] [trembesi37:726806:0]     ucp_context.c:1969 UCX  WARN  UCP API version is incompatible: required >= 1.15, actual 1.14.0 (loaded from /opt/ohpc/pub/mpi/ucx-ohpc/1.14.0/lib/libucp.so.0)
[1779853335.899091] [trembesi37:726691:0]     ucp_context.c:1969 UCX  WARN  UCP API version is incompatible: required >= 1.15, actual 1.14.0 (loaded from /opt/ohpc/pub/mpi/ucx-ohpc/1.14.0/lib/libucp.so.0)
[1779853335.951681] [trembesi37:726724:0]     ucp_context.c:1969 UCX  WARN  UCP API version is incompatible: required >= 1.15, actual 1.14.0 (loaded from /opt/ohpc/pub/mpi/ucx-ohpc/1.14.0/lib/libucp.so.0)
[1779853335.975820] [trembesi37:726690:0]     ucp_context.c:1969 UCX  WARN  UCP API version is incompatible: required >= 1.15, actual 1.14.0 (loaded from /opt/ohpc/pub/mpi/ucx-ohpc/1.14.0/lib/libucp.so.0)
[1779853335.975812] [trembesi37:726702:0]     ucp_context.c:1969 UCX  WARN  UCP API version is incompatible: required >= 1.15, actual 1.14.0 (loaded from /opt/ohpc/pub/mpi/ucx-ohpc/1.14.0/lib/libucp.so.0)
[1779853335.975970] [trembesi37:726685:0]     ucp_context.c:1969 UCX  WARN  UCP API version is incompatible: required >= 1.15, actual 1.14.0 (loaded from /opt/ohpc/pub/mpi/ucx-ohpc/1.14.0/lib/libucp.so.0)
[1779853336.011215] [trembesi37:726676:0]     ucp_context.c:1969 UCX  WARN  UCP API version is incompatible: required >= 1.15, actual 1.14.0 (loaded from /opt/ohpc/pub/mpi/ucx-ohpc/1.14.0/lib/libucp.so.0)
[1779853336.070067] [trembesi37:726682:0]     ucp_context.c:1969 UCX  WARN  UCP API version is incompatible: required >= 1.15, actual 1.14.0 (loaded from /opt/ohpc/pub/mpi/ucx-ohpc/1.14.0/lib/libucp.so.0)
[1779853336.070920] [trembesi37:726775:0]     ucp_context.c:1969 UCX  WARN  UCP API version is incompatible: required >= 1.15, actual 1.14.0 (loaded from /opt/ohpc/pub/mpi/ucx-ohpc/1.14.0/lib/libucp.so.0)
[1779853336.074121] [trembesi37:726815:0]     ucp_context.c:1969 UCX  WARN  UCP API version is incompatible: required >= 1.15, actual 1.14.0 (loaded from /opt/ohpc/pub/mpi/ucx-ohpc/1.14.0/lib/libucp.so.0)
[1779853336.075530] [trembesi37:726678:0]     ucp_context.c:1969 UCX  WARN  UCP API version is incompatible: required >= 1.15, actual 1.14.0 (loaded from /opt/ohpc/pub/mpi/ucx-ohpc/1.14.0/lib/libucp.so.0)
[1779853336.077351] [trembesi37:726673:0]     ucp_context.c:1969 UCX  WARN  UCP API version is incompatible: required >= 1.15, actual 1.14.0 (loaded from /opt/ohpc/pub/mpi/ucx-ohpc/1.14.0/lib/libucp.so.0)
[1779853336.078609] [trembesi37:726751:0]     ucp_context.c:1969 UCX  WARN  UCP API version is incompatible: required >= 1.15, actual 1.14.0 (loaded from /opt/ohpc/pub/mpi/ucx-ohpc/1.14.0/lib/libucp.so.0)
[1779853336.079452] [trembesi37:726686:0]     ucp_context.c:1969 UCX  WARN  UCP API version is incompatible: required >= 1.15, actual 1.14.0 (loaded from /opt/ohpc/pub/mpi/ucx-ohpc/1.14.0/lib/libucp.so.0)
[1779853336.079447] [trembesi37:726714:0]     ucp_context.c:1969 UCX  WARN  UCP API version is incompatible: required >= 1.15, actual 1.14.0 (loaded from /opt/ohpc/pub/mpi/ucx-ohpc/1.14.0/lib/libucp.so.0)
[1779853336.080193] [trembesi37:726779:0]     ucp_context.c:1969 UCX  WARN  UCP API version is incompatible: required >= 1.15, actual 1.14.0 (loaded from /opt/ohpc/pub/mpi/ucx-ohpc/1.14.0/lib/libucp.so.0)
[1779853336.081795] [trembesi37:726681:0]     ucp_context.c:1969 UCX  WARN  UCP API version is incompatible: required >= 1.15, actual 1.14.0 (loaded from /opt/ohpc/pub/mpi/ucx-ohpc/1.14.0/lib/libucp.so.0)
[1779853336.082129] [trembesi37:726763:0]     ucp_context.c:1969 UCX  WARN  UCP API version is incompatible: required >= 1.15, actual 1.14.0 (loaded from /opt/ohpc/pub/mpi/ucx-ohpc/1.14.0/lib/libucp.so.0)
[1779853336.082224] [trembesi37:726798:0]     ucp_context.c:1969 UCX  WARN  UCP API version is incompatible: required >= 1.15, actual 1.14.0 (loaded from /opt/ohpc/pub/mpi/ucx-ohpc/1.14.0/lib/libucp.so.0)
[1779853336.082765] [trembesi37:726828:0]     ucp_context.c:1969 UCX  WARN  UCP API version is incompatible: required >= 1.15, actual 1.14.0 (loaded from /opt/ohpc/pub/mpi/ucx-ohpc/1.14.0/lib/libucp.so.0)
[1779853336.082902] [trembesi37:726760:0]     ucp_context.c:1969 UCX  WARN  UCP API version is incompatible: required >= 1.15, actual 1.14.0 (loaded from /opt/ohpc/pub/mpi/ucx-ohpc/1.14.0/lib/libucp.so.0)
[1779853336.083574] [trembesi37:726792:0]     ucp_context.c:1969 UCX  WARN  UCP API version is incompatible: required >= 1.15, actual 1.14.0 (loaded from /opt/ohpc/pub/mpi/ucx-ohpc/1.14.0/lib/libucp.so.0)
[1779853336.084494] [trembesi37:726741:0]     ucp_context.c:1969 UCX  WARN  UCP API version is incompatible: required >= 1.15, actual 1.14.0 (loaded from /opt/ohpc/pub/mpi/ucx-ohpc/1.14.0/lib/libucp.so.0)
[1779853336.084612] [trembesi37:726695:0]     ucp_context.c:1969 UCX  WARN  UCP API version is incompatible: required >= 1.15, actual 1.14.0 (loaded from /opt/ohpc/pub/mpi/ucx-ohpc/1.14.0/lib/libucp.so.0)
[1779853336.084661] [trembesi37:726734:0]     ucp_context.c:1969 UCX  WARN  UCP API version is incompatible: required >= 1.15, actual 1.14.0 (loaded from /opt/ohpc/pub/mpi/ucx-ohpc/1.14.0/lib/libucp.so.0)
[1779853336.084634] [trembesi37:726808:0]     ucp_context.c:1969 UCX  WARN  UCP API version is incompatible: required >= 1.15, actual 1.14.0 (loaded from /opt/ohpc/pub/mpi/ucx-ohpc/1.14.0/lib/libucp.so.0)
[1779853336.086271] [trembesi37:726816:0]     ucp_context.c:1969 UCX  WARN  UCP API version is incompatible: required >= 1.15, actual 1.14.0 (loaded from /opt/ohpc/pub/mpi/ucx-ohpc/1.14.0/lib/libucp.so.0)
[1779853336.086357] [trembesi37:726671:0]     ucp_context.c:1969 UCX  WARN  UCP API version is incompatible: required >= 1.15, actual 1.14.0 (loaded from /opt/ohpc/pub/mpi/ucx-ohpc/1.14.0/lib/libucp.so.0)
[1779853336.180671] [trembesi37:726782:0]     ucp_context.c:1969 UCX  WARN  UCP API version is incompatible: required >= 1.15, actual 1.14.0 (loaded from /opt/ohpc/pub/mpi/ucx-ohpc/1.14.0/lib/libucp.so.0)
[1779853336.195087] [trembesi37:726801:0]     ucp_context.c:1969 UCX  WARN  UCP API version is incompatible: required >= 1.15, actual 1.14.0 (loaded from /opt/ohpc/pub/mpi/ucx-ohpc/1.14.0/lib/libucp.so.0)
[1779853336.209437] [trembesi37:726811:0]     ucp_context.c:1969 UCX  WARN  UCP API version is incompatible: required >= 1.15, actual 1.14.0 (loaded from /opt/ohpc/pub/mpi/ucx-ohpc/1.14.0/lib/libucp.so.0)
[1779853336.213891] [trembesi37:726805:0]     ucp_context.c:1969 UCX  WARN  UCP API version is incompatible: required >= 1.15, actual 1.14.0 (loaded from /opt/ohpc/pub/mpi/ucx-ohpc/1.14.0/lib/libucp.so.0)
[1779853336.218188] [trembesi37:726715:0]     ucp_context.c:1969 UCX  WARN  UCP API version is incompatible: required >= 1.15, actual 1.14.0 (loaded from /opt/ohpc/pub/mpi/ucx-ohpc/1.14.0/lib/libucp.so.0)
[1779853336.218818] [trembesi37:726789:0]     ucp_context.c:1969 UCX  WARN  UCP API version is incompatible: required >= 1.15, actual 1.14.0 (loaded from /opt/ohpc/pub/mpi/ucx-ohpc/1.14.0/lib/libucp.so.0)
[1779853336.225709] [trembesi37:726684:0]     ucp_context.c:1969 UCX  WARN  UCP API version is incompatible: required >= 1.15, actual 1.14.0 (loaded from /opt/ohpc/pub/mpi/ucx-ohpc/1.14.0/lib/libucp.so.0)
[1779853336.232919] [trembesi37:726689:0]     ucp_context.c:1969 UCX  WARN  UCP API version is incompatible: required >= 1.15, actual 1.14.0 (loaded from /opt/ohpc/pub/mpi/ucx-ohpc/1.14.0/lib/libucp.so.0)
[1779853336.242290] [trembesi37:726694:0]     ucp_context.c:1969 UCX  WARN  UCP API version is incompatible: required >= 1.15, actual 1.14.0 (loaded from /opt/ohpc/pub/mpi/ucx-ohpc/1.14.0/lib/libucp.so.0)
[1779853336.248572] [trembesi37:726832:0]     ucp_context.c:1969 UCX  WARN  UCP API version is incompatible: required >= 1.15, actual 1.14.0 (loaded from /opt/ohpc/pub/mpi/ucx-ohpc/1.14.0/lib/libucp.so.0)
[1779853336.256585] [trembesi37:726747:0]     ucp_context.c:1969 UCX  WARN  UCP API version is incompatible: required >= 1.15, actual 1.14.0 (loaded from /opt/ohpc/pub/mpi/ucx-ohpc/1.14.0/lib/libucp.so.0)
[1779853336.267471] [trembesi37:726688:0]     ucp_context.c:1969 UCX  WARN  UCP API version is incompatible: required >= 1.15, actual 1.14.0 (loaded from /opt/ohpc/pub/mpi/ucx-ohpc/1.14.0/lib/libucp.so.0)
[1779853336.272095] [trembesi37:726675:0]     ucp_context.c:1969 UCX  WARN  UCP API version is incompatible: required >= 1.15, actual 1.14.0 (loaded from /opt/ohpc/pub/mpi/ucx-ohpc/1.14.0/lib/libucp.so.0)
[1779853336.279398] [trembesi37:726755:0]     ucp_context.c:1969 UCX  WARN  UCP API version is incompatible: required >= 1.15, actual 1.14.0 (loaded from /opt/ohpc/pub/mpi/ucx-ohpc/1.14.0/lib/libucp.so.0)
[1779853336.294920] [trembesi37:726677:0]     ucp_context.c:1969 UCX  WARN  UCP API version is incompatible: required >= 1.15, actual 1.14.0 (loaded from /opt/ohpc/pub/mpi/ucx-ohpc/1.14.0/lib/libucp.so.0)
[1779853336.303977] [trembesi37:726727:0]     ucp_context.c:1969 UCX  WARN  UCP API version is incompatible: required >= 1.15, actual 1.14.0 (loaded from /opt/ohpc/pub/mpi/ucx-ohpc/1.14.0/lib/libucp.so.0)
[1779853336.306801] [trembesi37:726680:0]     ucp_context.c:1969 UCX  WARN  UCP API version is incompatible: required >= 1.15, actual 1.14.0 (loaded from /opt/ohpc/pub/mpi/ucx-ohpc/1.14.0/lib/libucp.so.0)
[1779853336.308767] [trembesi37:726767:0]     ucp_context.c:1969 UCX  WARN  UCP API version is incompatible: required >= 1.15, actual 1.14.0 (loaded from /opt/ohpc/pub/mpi/ucx-ohpc/1.14.0/lib/libucp.so.0)
[1779853336.315821] [trembesi37:726693:0]     ucp_context.c:1969 UCX  WARN  UCP API version is incompatible: required >= 1.15, actual 1.14.0 (loaded from /opt/ohpc/pub/mpi/ucx-ohpc/1.14.0/lib/libucp.so.0)
[1779853336.325980] [trembesi37:726771:0]     ucp_context.c:1969 UCX  WARN  UCP API version is incompatible: required >= 1.15, actual 1.14.0 (loaded from /opt/ohpc/pub/mpi/ucx-ohpc/1.14.0/lib/libucp.so.0)
[1779853336.328796] [trembesi37:726730:0]     ucp_context.c:1969 UCX  WARN  UCP API version is incompatible: required >= 1.15, actual 1.14.0 (loaded from /opt/ohpc/pub/mpi/ucx-ohpc/1.14.0/lib/libucp.so.0)
[1779853336.335868] [trembesi37:726701:0]     ucp_context.c:1969 UCX  WARN  UCP API version is incompatible: required >= 1.15, actual 1.14.0 (loaded from /opt/ohpc/pub/mpi/ucx-ohpc/1.14.0/lib/libucp.so.0)
[1779853336.377979] [trembesi37:726744:0]     ucp_context.c:1969 UCX  WARN  UCP API version is incompatible: required >= 1.15, actual 1.14.0 (loaded from /opt/ohpc/pub/mpi/ucx-ohpc/1.14.0/lib/libucp.so.0)
[1779853336.413763] [trembesi37:726683:0]     ucp_context.c:1969 UCX  WARN  UCP API version is incompatible: required >= 1.15, actual 1.14.0 (loaded from /opt/ohpc/pub/mpi/ucx-ohpc/1.14.0/lib/libucp.so.0)
[1779853336.419744] [trembesi37:726820:0]     ucp_context.c:1969 UCX  WARN  UCP API version is incompatible: required >= 1.15, actual 1.14.0 (loaded from /opt/ohpc/pub/mpi/ucx-ohpc/1.14.0/lib/libucp.so.0)
[1779853336.425153] [trembesi37:726708:0]     ucp_context.c:1969 UCX  WARN  UCP API version is incompatible: required >= 1.15, actual 1.14.0 (loaded from /opt/ohpc/pub/mpi/ucx-ohpc/1.14.0/lib/libucp.so.0)
[1779853336.431183] [trembesi37:726679:0]     ucp_context.c:1969 UCX  WARN  UCP API version is incompatible: required >= 1.15, actual 1.14.0 (loaded from /opt/ohpc/pub/mpi/ucx-ohpc/1.14.0/lib/libucp.so.0)
[1779853336.437396] [trembesi37:726674:0]     ucp_context.c:1969 UCX  WARN  UCP API version is incompatible: required >= 1.15, actual 1.14.0 (loaded from /opt/ohpc/pub/mpi/ucx-ohpc/1.14.0/lib/libucp.so.0)
[1779853336.441543] [trembesi37:726699:0]     ucp_context.c:1969 UCX  WARN  UCP API version is incompatible: required >= 1.15, actual 1.14.0 (loaded from /opt/ohpc/pub/mpi/ucx-ohpc/1.14.0/lib/libucp.so.0)
[1779853336.448012] [trembesi37:726796:0]     ucp_context.c:1969 UCX  WARN  UCP API version is incompatible: required >= 1.15, actual 1.14.0 (loaded from /opt/ohpc/pub/mpi/ucx-ohpc/1.14.0/lib/libucp.so.0)
[1779853336.454005] [trembesi37:726757:0]     ucp_context.c:1969 UCX  WARN  UCP API version is incompatible: required >= 1.15, actual 1.14.0 (loaded from /opt/ohpc/pub/mpi/ucx-ohpc/1.14.0/lib/libucp.so.0)
[1779853336.454338] [trembesi37:726672:0]     ucp_context.c:1969 UCX  WARN  UCP API version is incompatible: required >= 1.15, actual 1.14.0 (loaded from /opt/ohpc/pub/mpi/ucx-ohpc/1.14.0/lib/libucp.so.0)
[1779853337.305050] [trembesi37:726699:0]     ucp_context.c:1969 UCX  WARN  UCP API version is incompatible: required >= 1.15, actual 1.14.0 (loaded from /opt/ohpc/pub/mpi/ucx-ohpc/1.14.0/lib/libucp.so.0)
[1779853337.305183] [trembesi37:726779:0]     ucp_context.c:1969 UCX  WARN  UCP API version is incompatible: required >= 1.15, actual 1.14.0 (loaded from /opt/ohpc/pub/mpi/ucx-ohpc/1.14.0/lib/libucp.so.0)
[1779853337.305193] [trembesi37:726702:0]     ucp_context.c:1969 UCX  WARN  UCP API version is incompatible: required >= 1.15, actual 1.14.0 (loaded from /opt/ohpc/pub/mpi/ucx-ohpc/1.14.0/lib/libucp.so.0)
[1779853337.305187] [trembesi37:726750:0]     ucp_context.c:1969 UCX  WARN  UCP API version is incompatible: required >= 1.15, actual 1.14.0 (loaded from /opt/ohpc/pub/mpi/ucx-ohpc/1.14.0/lib/libucp.so.0)
[1779853337.305191] [trembesi37:726825:0]     ucp_context.c:1969 UCX  WARN  UCP API version is incompatible: required >= 1.15, actual 1.14.0 (loaded from /opt/ohpc/pub/mpi/ucx-ohpc/1.14.0/lib/libucp.so.0)
[1779853337.305239] [trembesi37:726685:0]     ucp_context.c:1969 UCX  WARN  UCP API version is incompatible: required >= 1.15, actual 1.14.0 (loaded from /opt/ohpc/pub/mpi/ucx-ohpc/1.14.0/lib/libucp.so.0)
[1779853337.305270] [trembesi37:726751:0]     ucp_context.c:1969 UCX  WARN  UCP API version is incompatible: required >= 1.15, actual 1.14.0 (loaded from /opt/ohpc/pub/mpi/ucx-ohpc/1.14.0/lib/libucp.so.0)
[1779853337.305266] [trembesi37:726724:0]     ucp_context.c:1969 UCX  WARN  UCP API version is incompatible: required >= 1.15, actual 1.14.0 (loaded from /opt/ohpc/pub/mpi/ucx-ohpc/1.14.0/lib/libucp.so.0)
[1779853337.305260] [trembesi37:726671:0]     ucp_context.c:1969 UCX  WARN  UCP API version is incompatible: required >= 1.15, actual 1.14.0 (loaded from /opt/ohpc/pub/mpi/ucx-ohpc/1.14.0/lib/libucp.so.0)
[1779853337.305251] [trembesi37:726775:0]     ucp_context.c:1969 UCX  WARN  UCP API version is incompatible: required >= 1.15, actual 1.14.0 (loaded from /opt/ohpc/pub/mpi/ucx-ohpc/1.14.0/lib/libucp.so.0)
[1779853337.305300] [trembesi37:726792:0]     ucp_context.c:1969 UCX  WARN  UCP API version is incompatible: required >= 1.15, actual 1.14.0 (loaded from /opt/ohpc/pub/mpi/ucx-ohpc/1.14.0/lib/libucp.so.0)
[1779853337.305306] [trembesi37:726802:0]     ucp_context.c:1969 UCX  WARN  UCP API version is incompatible: required >= 1.15, actual 1.14.0 (loaded from /opt/ohpc/pub/mpi/ucx-ohpc/1.14.0/lib/libucp.so.0)
[1779853337.305334] [trembesi37:726815:0]     ucp_context.c:1969 UCX  WARN  UCP API version is incompatible: required >= 1.15, actual 1.14.0 (loaded from /opt/ohpc/pub/mpi/ucx-ohpc/1.14.0/lib/libucp.so.0)
[1779853337.305399] [trembesi37:726676:0]     ucp_context.c:1969 UCX  WARN  UCP API version is incompatible: required >= 1.15, actual 1.14.0 (loaded from /opt/ohpc/pub/mpi/ucx-ohpc/1.14.0/lib/libucp.so.0)
[1779853337.305445] [trembesi37:726696:0]     ucp_context.c:1969 UCX  WARN  UCP API version is incompatible: required >= 1.15, actual 1.14.0 (loaded from /opt/ohpc/pub/mpi/ucx-ohpc/1.14.0/lib/libucp.so.0)
[1779853337.305525] [trembesi37:726695:0]     ucp_context.c:1969 UCX  WARN  UCP API version is incompatible: required >= 1.15, actual 1.14.0 (loaded from /opt/ohpc/pub/mpi/ucx-ohpc/1.14.0/lib/libucp.so.0)
[1779853337.305578] [trembesi37:726741:0]     ucp_context.c:1969 UCX  WARN  UCP API version is incompatible: required >= 1.15, actual 1.14.0 (loaded from /opt/ohpc/pub/mpi/ucx-ohpc/1.14.0/lib/libucp.so.0)
[1779853337.305574] [trembesi37:726673:0]     ucp_context.c:1969 UCX  WARN  UCP API version is incompatible: required >= 1.15, actual 1.14.0 (loaded from /opt/ohpc/pub/mpi/ucx-ohpc/1.14.0/lib/libucp.so.0)
[1779853337.305596] [trembesi37:726806:0]     ucp_context.c:1969 UCX  WARN  UCP API version is incompatible: required >= 1.15, actual 1.14.0 (loaded from /opt/ohpc/pub/mpi/ucx-ohpc/1.14.0/lib/libucp.so.0)
[1779853337.305615] [trembesi37:726691:0]     ucp_context.c:1969 UCX  WARN  UCP API version is incompatible: required >= 1.15, actual 1.14.0 (loaded from /opt/ohpc/pub/mpi/ucx-ohpc/1.14.0/lib/libucp.so.0)
[1779853337.305618] [trembesi37:726682:0]     ucp_context.c:1969 UCX  WARN  UCP API version is incompatible: required >= 1.15, actual 1.14.0 (loaded from /opt/ohpc/pub/mpi/ucx-ohpc/1.14.0/lib/libucp.so.0)
[1779853337.305666] [trembesi37:726686:0]     ucp_context.c:1969 UCX  WARN  UCP API version is incompatible: required >= 1.15, actual 1.14.0 (loaded from /opt/ohpc/pub/mpi/ucx-ohpc/1.14.0/lib/libucp.so.0)
[1779853337.305711] [trembesi37:726681:0]     ucp_context.c:1969 UCX  WARN  UCP API version is incompatible: required >= 1.15, actual 1.14.0 (loaded from /opt/ohpc/pub/mpi/ucx-ohpc/1.14.0/lib/libucp.so.0)
[1779853337.305710] [trembesi37:726760:0]     ucp_context.c:1969 UCX  WARN  UCP API version is incompatible: required >= 1.15, actual 1.14.0 (loaded from /opt/ohpc/pub/mpi/ucx-ohpc/1.14.0/lib/libucp.so.0)
[1779853337.305725] [trembesi37:726690:0]     ucp_context.c:1969 UCX  WARN  UCP API version is incompatible: required >= 1.15, actual 1.14.0 (loaded from /opt/ohpc/pub/mpi/ucx-ohpc/1.14.0/lib/libucp.so.0)
[1779853337.305740] [trembesi37:726798:0]     ucp_context.c:1969 UCX  WARN  UCP API version is incompatible: required >= 1.15, actual 1.14.0 (loaded from /opt/ohpc/pub/mpi/ucx-ohpc/1.14.0/lib/libucp.so.0)
[1779853337.305764] [trembesi37:726684:0]     ucp_context.c:1969 UCX  WARN  UCP API version is incompatible: required >= 1.15, actual 1.14.0 (loaded from /opt/ohpc/pub/mpi/ucx-ohpc/1.14.0/lib/libucp.so.0)
[1779853337.305781] [trembesi37:726714:0]     ucp_context.c:1969 UCX  WARN  UCP API version is incompatible: required >= 1.15, actual 1.14.0 (loaded from /opt/ohpc/pub/mpi/ucx-ohpc/1.14.0/lib/libucp.so.0)
[1779853337.305765] [trembesi37:726801:0]     ucp_context.c:1969 UCX  WARN  UCP API version is incompatible: required >= 1.15, actual 1.14.0 (loaded from /opt/ohpc/pub/mpi/ucx-ohpc/1.14.0/lib/libucp.so.0)
[1779853337.305799] [trembesi37:726811:0]     ucp_context.c:1969 UCX  WARN  UCP API version is incompatible: required >= 1.15, actual 1.14.0 (loaded from /opt/ohpc/pub/mpi/ucx-ohpc/1.14.0/lib/libucp.so.0)
[1779853337.305805] [trembesi37:726678:0]     ucp_context.c:1969 UCX  WARN  UCP API version is incompatible: required >= 1.15, actual 1.14.0 (loaded from /opt/ohpc/pub/mpi/ucx-ohpc/1.14.0/lib/libucp.so.0)
[1779853337.305819] [trembesi37:726689:0]     ucp_context.c:1969 UCX  WARN  UCP API version is incompatible: required >= 1.15, actual 1.14.0 (loaded from /opt/ohpc/pub/mpi/ucx-ohpc/1.14.0/lib/libucp.so.0)
[1779853337.305823] [trembesi37:726771:0]     ucp_context.c:1969 UCX  WARN  UCP API version is incompatible: required >= 1.15, actual 1.14.0 (loaded from /opt/ohpc/pub/mpi/ucx-ohpc/1.14.0/lib/libucp.so.0)
[1779853337.305820] [trembesi37:726763:0]     ucp_context.c:1969 UCX  WARN  UCP API version is incompatible: required >= 1.15, actual 1.14.0 (loaded from /opt/ohpc/pub/mpi/ucx-ohpc/1.14.0/lib/libucp.so.0)
[1779853337.305895] [trembesi37:726816:0]     ucp_context.c:1969 UCX  WARN  UCP API version is incompatible: required >= 1.15, actual 1.14.0 (loaded from /opt/ohpc/pub/mpi/ucx-ohpc/1.14.0/lib/libucp.so.0)
[1779853337.305834] [trembesi37:726755:0]     ucp_context.c:1969 UCX  WARN  UCP API version is incompatible: required >= 1.15, actual 1.14.0 (loaded from /opt/ohpc/pub/mpi/ucx-ohpc/1.14.0/lib/libucp.so.0)
[1779853337.305910] [trembesi37:726744:0]     ucp_context.c:1969 UCX  WARN  UCP API version is incompatible: required >= 1.15, actual 1.14.0 (loaded from /opt/ohpc/pub/mpi/ucx-ohpc/1.14.0/lib/libucp.so.0)
[1779853337.305895] [trembesi37:726727:0]     ucp_context.c:1969 UCX  WARN  UCP API version is incompatible: required >= 1.15, actual 1.14.0 (loaded from /opt/ohpc/pub/mpi/ucx-ohpc/1.14.0/lib/libucp.so.0)
[1779853337.305892] [trembesi37:726767:0]     ucp_context.c:1969 UCX  WARN  UCP API version is incompatible: required >= 1.15, actual 1.14.0 (loaded from /opt/ohpc/pub/mpi/ucx-ohpc/1.14.0/lib/libucp.so.0)
[1779853337.305904] [trembesi37:726820:0]     ucp_context.c:1969 UCX  WARN  UCP API version is incompatible: required >= 1.15, actual 1.14.0 (loaded from /opt/ohpc/pub/mpi/ucx-ohpc/1.14.0/lib/libucp.so.0)
[1779853337.305860] [trembesi37:726828:0]     ucp_context.c:1969 UCX  WARN  UCP API version is incompatible: required >= 1.15, actual 1.14.0 (loaded from /opt/ohpc/pub/mpi/ucx-ohpc/1.14.0/lib/libucp.so.0)
[1779853337.305916] [trembesi37:726693:0]     ucp_context.c:1969 UCX  WARN  UCP API version is incompatible: required >= 1.15, actual 1.14.0 (loaded from /opt/ohpc/pub/mpi/ucx-ohpc/1.14.0/lib/libucp.so.0)
[1779853337.305896] [trembesi37:726675:0]     ucp_context.c:1969 UCX  WARN  UCP API version is incompatible: required >= 1.15, actual 1.14.0 (loaded from /opt/ohpc/pub/mpi/ucx-ohpc/1.14.0/lib/libucp.so.0)
[1779853337.305928] [trembesi37:726715:0]     ucp_context.c:1969 UCX  WARN  UCP API version is incompatible: required >= 1.15, actual 1.14.0 (loaded from /opt/ohpc/pub/mpi/ucx-ohpc/1.14.0/lib/libucp.so.0)
[1779853337.305877] [trembesi37:726782:0]     ucp_context.c:1969 UCX  WARN  UCP API version is incompatible: required >= 1.15, actual 1.14.0 (loaded from /opt/ohpc/pub/mpi/ucx-ohpc/1.14.0/lib/libucp.so.0)
[1779853337.305913] [trembesi37:726734:0]     ucp_context.c:1969 UCX  WARN  UCP API version is incompatible: required >= 1.15, actual 1.14.0 (loaded from /opt/ohpc/pub/mpi/ucx-ohpc/1.14.0/lib/libucp.so.0)
[1779853337.305924] [trembesi37:726808:0]     ucp_context.c:1969 UCX  WARN  UCP API version is incompatible: required >= 1.15, actual 1.14.0 (loaded from /opt/ohpc/pub/mpi/ucx-ohpc/1.14.0/lib/libucp.so.0)
[1779853337.305868] [trembesi37:726694:0]     ucp_context.c:1969 UCX  WARN  UCP API version is incompatible: required >= 1.15, actual 1.14.0 (loaded from /opt/ohpc/pub/mpi/ucx-ohpc/1.14.0/lib/libucp.so.0)
[1779853337.305923] [trembesi37:726679:0]     ucp_context.c:1969 UCX  WARN  UCP API version is incompatible: required >= 1.15, actual 1.14.0 (loaded from /opt/ohpc/pub/mpi/ucx-ohpc/1.14.0/lib/libucp.so.0)
[1779853337.305944] [trembesi37:726688:0]     ucp_context.c:1969 UCX  WARN  UCP API version is incompatible: required >= 1.15, actual 1.14.0 (loaded from /opt/ohpc/pub/mpi/ucx-ohpc/1.14.0/lib/libucp.so.0)
[1779853337.305964] [trembesi37:726708:0]     ucp_context.c:1969 UCX  WARN  UCP API version is incompatible: required >= 1.15, actual 1.14.0 (loaded from /opt/ohpc/pub/mpi/ucx-ohpc/1.14.0/lib/libucp.so.0)
[1779853337.305940] [trembesi37:726789:0]     ucp_context.c:1969 UCX  WARN  UCP API version is incompatible: required >= 1.15, actual 1.14.0 (loaded from /opt/ohpc/pub/mpi/ucx-ohpc/1.14.0/lib/libucp.so.0)
[1779853337.305970] [trembesi37:726674:0]     ucp_context.c:1969 UCX  WARN  UCP API version is incompatible: required >= 1.15, actual 1.14.0 (loaded from /opt/ohpc/pub/mpi/ucx-ohpc/1.14.0/lib/libucp.so.0)
[1779853337.305956] [trembesi37:726730:0]     ucp_context.c:1969 UCX  WARN  UCP API version is incompatible: required >= 1.15, actual 1.14.0 (loaded from /opt/ohpc/pub/mpi/ucx-ohpc/1.14.0/lib/libucp.so.0)
[1779853337.305934] [trembesi37:726677:0]     ucp_context.c:1969 UCX  WARN  UCP API version is incompatible: required >= 1.15, actual 1.14.0 (loaded from /opt/ohpc/pub/mpi/ucx-ohpc/1.14.0/lib/libucp.so.0)
[1779853337.306003] [trembesi37:726805:0]     ucp_context.c:1969 UCX  WARN  UCP API version is incompatible: required >= 1.15, actual 1.14.0 (loaded from /opt/ohpc/pub/mpi/ucx-ohpc/1.14.0/lib/libucp.so.0)
[1779853337.305952] [trembesi37:726832:0]     ucp_context.c:1969 UCX  WARN  UCP API version is incompatible: required >= 1.15, actual 1.14.0 (loaded from /opt/ohpc/pub/mpi/ucx-ohpc/1.14.0/lib/libucp.so.0)
[1779853337.305946] [trembesi37:726796:0]     ucp_context.c:1969 UCX  WARN  UCP API version is incompatible: required >= 1.15, actual 1.14.0 (loaded from /opt/ohpc/pub/mpi/ucx-ohpc/1.14.0/lib/libucp.so.0)
[1779853337.305980] [trembesi37:726701:0]     ucp_context.c:1969 UCX  WARN  UCP API version is incompatible: required >= 1.15, actual 1.14.0 (loaded from /opt/ohpc/pub/mpi/ucx-ohpc/1.14.0/lib/libucp.so.0)
[1779853337.305984] [trembesi37:726680:0]     ucp_context.c:1969 UCX  WARN  UCP API version is incompatible: required >= 1.15, actual 1.14.0 (loaded from /opt/ohpc/pub/mpi/ucx-ohpc/1.14.0/lib/libucp.so.0)
[1779853337.305998] [trembesi37:726672:0]     ucp_context.c:1969 UCX  WARN  UCP API version is incompatible: required >= 1.15, actual 1.14.0 (loaded from /opt/ohpc/pub/mpi/ucx-ohpc/1.14.0/lib/libucp.so.0)
[1779853337.305957] [trembesi37:726683:0]     ucp_context.c:1969 UCX  WARN  UCP API version is incompatible: required >= 1.15, actual 1.14.0 (loaded from /opt/ohpc/pub/mpi/ucx-ohpc/1.14.0/lib/libucp.so.0)
[1779853337.306015] [trembesi37:726757:0]     ucp_context.c:1969 UCX  WARN  UCP API version is incompatible: required >= 1.15, actual 1.14.0 (loaded from /opt/ohpc/pub/mpi/ucx-ohpc/1.14.0/lib/libucp.so.0)
[1779853337.306024] [trembesi37:726747:0]     ucp_context.c:1969 UCX  WARN  UCP API version is incompatible: required >= 1.15, actual 1.14.0 (loaded from /opt/ohpc/pub/mpi/ucx-ohpc/1.14.0/lib/libucp.so.0)

     Program PWSCF v.7.2 starts on 27May2026 at 10:42:17 

     This program is part of the open-source Quantum ESPRESSO suite
     for quantum simulation of materials; please cite
         "P. Giannozzi et al., J. Phys.:Condens. Matter 21 395502 (2009);
         "P. Giannozzi et al., J. Phys.:Condens. Matter 29 465901 (2017);
         "P. Giannozzi et al., J. Chem. Phys. 152 154105 (2020);
          URL http://www.quantum-espresso.org", 
     in publications or presentations arising from this work. More details at
     http://www.quantum-espresso.org/quote

     Parallel version (MPI), running on    64 processors

     MPI processes distributed on     1 nodes
     227988 MiB available memory on the printing compute node when the environment starts

     Reading input from disp_010_atom2_-1y.in

     Current dimensions of program PWSCF are:
     Max number of different atomic species (ntypx) = 10
     Max number of k-points (npk) =  40000
     Max angular momentum in pseudopotentials (lmaxx) =  4
     file H.pbesol-kjpaw_psl.0.1.UPF: wavefunction(s)  1S renormalized

     gamma-point specific algorithms are used
     Message from routine setup:
     using ibrav=0 with symmetry is DISCOURAGED, use correct ibrav instead

     R & G space division:  proc/nbgrp/npool/nimage =      64
     Subspace diagonalization in iterative solution of the eigenvalue problem:
     a serial algorithm will be used


     Parallelization info
     --------------------
     sticks:   dense  smooth     PW     G-vecs:    dense   smooth      PW
     Min         567     284     69                81548    28832    3594
     Max         570     286     72                81558    28844    3612
     Sum       36381   18197   4537              5219483  1845573  230389

     Using Slab Decomposition



     bravais-lattice index     =            0
     lattice parameter (alat)  =      37.7945  a.u.
     unit-cell volume          =   53986.6760 (a.u.)^3
     number of atoms/cell      =            2
     number of atomic types    =            1
     number of electrons       =         2.00 (up:   1.00, down:   1.00)
     number of Kohn-Sham states=            1
     kinetic-energy cutoff     =      40.0000  Ry
     charge density cutoff     =     320.0000  Ry
     scf convergence threshold =      1.0E-10
     mixing beta               =       0.3000
     number of iterations used =            8  local-TF  mixing
     Exchange-correlation= SLA  PW   PSX  PSC
                           (   1   4  10   8   0   0   0)

     celldm(1)=  37.794522  celldm(2)=   0.000000  celldm(3)=   0.000000
     celldm(4)=   0.000000  celldm(5)=   0.000000  celldm(6)=   0.000000

     crystal axes: (cart. coord. in units of alat)
               a(1) = (   1.000000   0.000000   0.000000 )  
               a(2) = (   0.000000   1.000000   0.000000 )  
               a(3) = (   0.000000   0.000000   1.000000 )  

     reciprocal axes: (cart. coord. in units 2 pi/alat)
               b(1) = (  1.000000  0.000000  0.000000 )  
               b(2) = (  0.000000  1.000000  0.000000 )  
               b(3) = (  0.000000  0.000000  1.000000 )  


     PseudoPot. # 1 for H  read from file:
     /mgpfs/home/lala002/pseudo/H.pbesol-kjpaw_psl.0.1.UPF
     MD5 check sum: 27a6b98f1514c59d399e798f1258b8b7
     Pseudo is Projector augmented-wave, Zval =  1.0
     Generated using "atomic" code by A. Dal Corso  v.5.0.2 svn rev. 9415
     Shape of augmentation charge: PSQ
     Using radial grid of  929 points,  2 beta functions with: 
                l(1) =   0
                l(2) =   0
     Q(r) pseudized with 0 coefficients 


     atomic species   valence    mass     pseudopotential
        H              1.00     1.00794     H ( 1.00)

     Starting magnetic structure 
     atomic species   magnetization
        H            0.000

      2 Sym. Ops. (no inversion) found



   Cartesian axes

     site n.     atom                  positions (alat units)
         1           H   tau(   1) = (   0.0000000   0.0000000   0.0000000  )
         2           H   tau(   2) = (   0.0380000  -0.0010000   0.0000000  )

     --------------------------------------------
     DFT-D3 Dispersion Correction (3-body terms):
     --------------------------------------------
       Reference C6 values for interpolation: 

         atom   Coordination number   C6
         H          0.912             6.05
         H          0.000            15.18

       Values used:

         atom   Coordination number  R0_AB[au]  C6      C8
         H          0.876            2.062      6.36     76.91
         H          0.876            2.062      6.36     76.91

         Molecular C6 ( Ry / a.u.^6 ) =        25.45


     number of k points=     1
                       cart. coord. in units 2pi/alat
        k(    1) = (   0.0000000   0.0000000   0.0000000), wk =   1.0000000

     Dense  grid:  2609742 G-vectors     FFT dimensions: ( 216, 216, 216)

     Smooth grid:   922787 G-vectors     FFT dimensions: ( 160, 160, 160)

     Estimated max dynamical RAM per process >      66.75 MB

     Estimated total dynamical RAM >       4.17 GB
     Generating pointlists ...
     new r_m :   0.0157 (alat units)  0.5926 (a.u.) for type    1

     Initial potential from superposition of free atoms

     starting charge       2.0000, renormalised to       2.0000

     negative rho (up, down):  8.198E-05 8.198E-05
     Starting wfcs are    2 randomized atomic wfcs
     Checking if some PAW data can be deallocated... 

     total cpu time spent up to now is        2.2 secs

     Self-consistent Calculation

     iteration #  1     ecut=    40.00 Ry     beta= 0.30
     Davidson diagonalization with overlap
     ethr =  1.00E-02,  avg # of iterations =  2.0

     negative rho (up, down):  1.639E-08 1.639E-08

     total cpu time spent up to now is        9.4 secs

     total energy              =      -2.32704326 Ry
     estimated scf accuracy    <       0.11292487 Ry

     total magnetization       =     0.00 Bohr mag/cell
     absolute magnetization    =     0.00 Bohr mag/cell

     iteration #  2     ecut=    40.00 Ry     beta= 0.30
     Davidson diagonalization with overlap
     ethr =  5.65E-03,  avg # of iterations =  1.0

     negative rho (up, down):  3.457E-06 3.458E-06

     total cpu time spent up to now is       14.4 secs

     total energy              =      -2.28864466 Ry
     estimated scf accuracy    <       0.07237677 Ry

     total magnetization       =    -0.00 Bohr mag/cell
     absolute magnetization    =     0.00 Bohr mag/cell

     iteration #  3     ecut=    40.00 Ry     beta= 0.30
     Davidson diagonalization with overlap
     ethr =  3.62E-03,  avg # of iterations =  1.0

     negative rho (up, down):  2.126E-03 2.127E-03

     total cpu time spent up to now is       21.1 secs

     total energy              =      -2.29725333 Ry
     estimated scf accuracy    <       0.00492612 Ry

     total magnetization       =    -0.00 Bohr mag/cell
     absolute magnetization    =     0.00 Bohr mag/cell

     iteration #  4     ecut=    40.00 Ry     beta= 0.30
     Davidson diagonalization with overlap
     ethr =  2.46E-04,  avg # of iterations =  1.0

     negative rho (up, down):  3.030E-03 3.031E-03

     total cpu time spent up to now is       28.3 secs

     total energy              =      -2.29620975 Ry
     estimated scf accuracy    <       0.00807372 Ry

     total magnetization       =    -0.00 Bohr mag/cell
     absolute magnetization    =     0.00 Bohr mag/cell

     iteration #  5     ecut=    40.00 Ry     beta= 0.30
     Davidson diagonalization with overlap
     ethr =  2.46E-04,  avg # of iterations =  1.0

     negative rho (up, down):  1.277E-02 1.277E-02

     total cpu time spent up to now is       33.7 secs

     total energy              =      -2.29373984 Ry
     estimated scf accuracy    <       0.00520880 Ry

     total magnetization       =    -0.00 Bohr mag/cell
     absolute magnetization    =     0.00 Bohr mag/cell

     iteration #  6     ecut=    40.00 Ry     beta= 0.30
     Davidson diagonalization with overlap
     ethr =  2.46E-04,  avg # of iterations =  2.0

     negative rho (up, down):  1.603E-02 1.603E-02

     total cpu time spent up to now is       40.4 secs

     total energy              =      -2.29449215 Ry
     estimated scf accuracy    <       0.00013622 Ry

     total magnetization       =    -0.00 Bohr mag/cell
     absolute magnetization    =     0.00 Bohr mag/cell

     iteration #  7     ecut=    40.00 Ry     beta= 0.30
     Davidson diagonalization with overlap
     ethr =  6.81E-06,  avg # of iterations =  2.0

     negative rho (up, down):  4.973E-03 4.973E-03

     total cpu time spent up to now is       48.2 secs

     total energy              =      -2.29423660 Ry
     estimated scf accuracy    <       0.00013722 Ry

     total magnetization       =     0.00 Bohr mag/cell
     absolute magnetization    =     0.00 Bohr mag/cell

     iteration #  8     ecut=    40.00 Ry     beta= 0.30
     Davidson diagonalization with overlap
     ethr =  6.81E-06,  avg # of iterations =  2.0

     negative rho (up, down):  1.587E-03 1.587E-03

     total cpu time spent up to now is       53.2 secs

     total energy              =      -2.29436980 Ry
     estimated scf accuracy    <       0.00004070 Ry

     total magnetization       =     0.00 Bohr mag/cell
     absolute magnetization    =     0.00 Bohr mag/cell

     iteration #  9     ecut=    40.00 Ry     beta= 0.30
     Davidson diagonalization with overlap
     ethr =  2.03E-06,  avg # of iterations =  1.0

     negative rho (up, down):  7.793E-04 7.793E-04

     total cpu time spent up to now is       59.9 secs

     total energy              =      -2.29436286 Ry
     estimated scf accuracy    <       0.00002817 Ry

     total magnetization       =    -0.00 Bohr mag/cell
     absolute magnetization    =     0.00 Bohr mag/cell

     iteration # 10     ecut=    40.00 Ry     beta= 0.30
     Davidson diagonalization with overlap
     ethr =  1.41E-06,  avg # of iterations =  2.0

     negative rho (up, down):  1.635E-04 1.635E-04

     total cpu time spent up to now is       67.9 secs

     total energy              =      -2.29436874 Ry
     estimated scf accuracy    <       0.00000172 Ry

     total magnetization       =     0.00 Bohr mag/cell
     absolute magnetization    =     0.00 Bohr mag/cell

     iteration # 11     ecut=    40.00 Ry     beta= 0.30
     Davidson diagonalization with overlap
     ethr =  8.61E-08,  avg # of iterations =  2.0

     negative rho (up, down):  1.350E-04 1.350E-04

     total cpu time spent up to now is       75.5 secs

     total energy              =      -2.29436914 Ry
     estimated scf accuracy    <       0.00000006 Ry

     total magnetization       =    -0.00 Bohr mag/cell
     absolute magnetization    =     0.00 Bohr mag/cell

     iteration # 12     ecut=    40.00 Ry     beta= 0.30
     Davidson diagonalization with overlap
     ethr =  2.96E-09,  avg # of iterations =  1.0

     negative rho (up, down):  1.101E-04 1.101E-04

     total cpu time spent up to now is       83.3 secs

     total energy              =      -2.29436939 Ry
     estimated scf accuracy    <          1.9E-09 Ry

     total magnetization       =     0.00 Bohr mag/cell
     absolute magnetization    =     0.00 Bohr mag/cell

     iteration # 13     ecut=    40.00 Ry     beta= 0.30
     Davidson diagonalization with overlap
     ethr =  9.28E-11,  avg # of iterations =  2.0

     negative rho (up, down):  1.094E-04 1.094E-04

     total cpu time spent up to now is       89.3 secs

     total energy              =      -2.29436942 Ry
     estimated scf accuracy    <          2.4E-10 Ry

     total magnetization       =     0.00 Bohr mag/cell
     absolute magnetization    =     0.00 Bohr mag/cell

     iteration # 14     ecut=    40.00 Ry     beta= 0.30
     Davidson diagonalization with overlap
     ethr =  1.20E-11,  avg # of iterations =  2.0

     negative rho (up, down):  1.086E-04 1.086E-04

     Magnetic moment per site  (integrated on atomic sphere of radius R)
     atom   1 (R=0.016)  charge=  0.2113  magn= -0.0000
     atom   2 (R=0.016)  charge=  0.2122  magn=  0.0000

     total cpu time spent up to now is       89.8 secs

     End of self-consistent calculation

 ------ SPIN UP ------------


          k = 0.0000 0.0000 0.0000 (115195 PWs)   bands (ev):

   -10.1314

 ------ SPIN DOWN ----------


          k = 0.0000 0.0000 0.0000 (115195 PWs)   bands (ev):

   -10.1314

     highest occupied level (ev):   -10.1314

!    total energy              =      -2.29436943 Ry
     total all-electron energy =        -2.294501 Ry
     estimated scf accuracy    <          3.9E-12 Ry

     The total energy is the sum of the following terms:
     one-electron contribution =      -4.35068436 Ry
     hartree contribution      =       2.28710906 Ry
     xc contribution           =      -1.32265509 Ry
     ewald contribution        =       1.09196352 Ry
     DFT-D3 Dispersion         =      -0.00004778 Ry
     one-center paw contrib.   =      -0.00005478 Ry

     total magnetization       =     0.00 Bohr mag/cell
     absolute magnetization    =     0.00 Bohr mag/cell

     charge density inside the Wigner-Seitz cell:    2.00000000

     reference position (x0):         0.71809593   -0.01889726    0.00000000 bohr

     Dipole moments (with respect to x0):
     Elect  -0.0000   0.0000   0.0000 au (Ha),  -0.0000   0.0000   0.0000 Debye
     Ionic   0.0000   0.0000   0.0000 au (Ha),   0.0000   0.0000   0.0000 Debye
     Total  -0.0000   0.0000   0.0000 au (Ha),  -0.0000   0.0000   0.0000 Debye

     Electrons quadrupole moment         -5.40260109 a.u. (Ha)
          Ions quadrupole moment          1.03203773 a.u. (Ha)
         Total quadrupole moment         -4.37056335 a.u. (Ha)

     *********    MAKOV-PAYNE CORRECTION    *********

     Makov-Payne correction with Madelung constant =   2.8373

     Makov-Payne correction     0.00000000 Ry =  0.000 eV (1st order, 1/a0)
                                0.00000000 Ry =  0.000 eV (2nd order, 1/a0^3)
                                0.00000000 Ry =  0.000 eV (total)

!    Total+Makov-Payne energy  =      -2.29436943 Ry
     Corrected vacuum level    =       0.00461664 eV

     convergence has been achieved in  14 iterations

     Forces acting on atoms (cartesian axes, Ry/au):

     atom    1 type  1   force =     0.00126705   -0.00003192    0.00000000
     atom    2 type  1   force =    -0.00126705    0.00003192    0.00000000
     The non-local contrib.  to forces
     atom    1 type  1   force =     0.06571343   -0.00172985    0.00000000
     atom    2 type  1   force =    -0.06571329    0.00172992    0.00000000
     The ionic contribution  to forces
     atom    1 type  1   force =    -0.96839766    0.02548421   -0.00000000
     atom    2 type  1   force =     0.96839766   -0.02548421   -0.00000000
     The local contribution  to forces
     atom    1 type  1   force =     0.90397351   -0.02378685   -0.00000000
     atom    2 type  1   force =    -0.90397361    0.02378688   -0.00000000
     The core correction contribution to forces
     atom    1 type  1   force =     0.00000000    0.00000000    0.00000000
     atom    2 type  1   force =     0.00000000    0.00000000    0.00000000
     The Hubbard contrib.    to forces
     atom    1 type  1   force =     0.00000000    0.00000000    0.00000000
     atom    2 type  1   force =     0.00000000    0.00000000    0.00000000
     The SCF correction term to forces
     atom    1 type  1   force =     0.00000001    0.00000000   -0.00000002
     atom    2 type  1   force =     0.00000002   -0.00000006    0.00000000

     DFT-D3 dispersion contribution to forces:
     atom    1 type  1   force =    -0.00002221    0.00000058   -0.00000000
     atom    2 type  1   force =     0.00002221   -0.00000058    0.00000000

     Total force =     0.001792     Total SCF correction =     0.000000

     Writing all to output data dir ./H2.save/

     init_run     :      1.91s CPU      2.10s WALL (       1 calls)
     electrons    :     79.26s CPU     88.03s WALL (       1 calls)
     forces       :      0.30s CPU      0.38s WALL (       1 calls)
     force_dftd3  :      0.00s CPU      0.00s WALL (       1 calls)

     Called by init_run:
     wfcinit      :      0.04s CPU      0.06s WALL (       1 calls)
     potinit      :      0.53s CPU      0.65s WALL (       1 calls)
     hinit0       :      0.12s CPU      0.14s WALL (       1 calls)

     Called by electrons:
     c_bands      :      0.38s CPU      0.40s WALL (      14 calls)
     sum_band     :      0.53s CPU      0.56s WALL (      14 calls)
     v_of_rho     :      5.91s CPU      6.40s WALL (      15 calls)
     newd         :      0.64s CPU      0.68s WALL (      15 calls)
     PAW_pot      :      0.10s CPU      0.10s WALL (      15 calls)
     mix_rho      :     71.19s CPU     79.12s WALL (      14 calls)
     energy_dftd3 :      0.00s CPU      0.00s WALL (       1 calls)

     Called by c_bands:
     init_us_2    :      0.01s CPU      0.01s WALL (      60 calls)
     init_us_2:cp :      0.01s CPU      0.01s WALL (      60 calls)
     regterg      :      0.37s CPU      0.39s WALL (      28 calls)

     Called by *egterg:
     rdiaghg      :      0.00s CPU      0.00s WALL (      72 calls)
     h_psi        :      0.40s CPU      0.42s WALL (      74 calls)
     s_psi        :      0.00s CPU      0.00s WALL (      74 calls)
     g_psi        :      0.00s CPU      0.00s WALL (      44 calls)

     Called by h_psi:
     h_psi:calbec :      0.01s CPU      0.01s WALL (      74 calls)
     vloc_psi     :      0.39s CPU      0.41s WALL (      74 calls)
     add_vuspsi   :      0.00s CPU      0.00s WALL (      74 calls)

     General routines
     calbec       :      0.03s CPU      0.03s WALL (     110 calls)
     fft          :      4.36s CPU      5.03s WALL (     271 calls)
     ffts         :     43.85s CPU     51.54s WALL (   15295 calls)
     fftw         :      0.39s CPU      0.41s WALL (     176 calls)
     interpolate  :      0.62s CPU      0.71s WALL (      30 calls)

     Parallel routines

     PWSCF        :   1m21.68s CPU   1m30.93s WALL


   This run was terminated on:  10:43:48  27May2026            

=------------------------------------------------------------------------------=
   JOB DONE.
=------------------------------------------------------------------------------=
